Component: ARM Compiler 5.06 update 1 (build 61) Tool: armlink [4d35a8]

==============================================================================

Section Cross References

    tcp_server.o(i.CH57xNET_CreatTcpSocket) refers to memseta.o(.text) for __aeabi_memclr4
    tcp_server.o(i.CH57xNET_CreatTcpSocket) refers to ch57xsock.o(i.CH57xNET_SocketCreat) for CH57xNET_SocketCreat
    tcp_server.o(i.CH57xNET_CreatTcpSocket) refers to tcp_server.o(i.mStopIfError) for mStopIfError
    tcp_server.o(i.CH57xNET_CreatTcpSocket) refers to ch57xsock.o(i.CH57xNET_SocketSetKeepLive) for CH57xNET_SocketSetKeepLive
    tcp_server.o(i.CH57xNET_CreatTcpSocket) refers to ch57xsock.o(i.CH57xNET_SocketListen) for CH57xNET_SocketListen
    tcp_server.o(i.CH57xNET_CreatTcpSocket) refers to ch57xsock.o(i.CH57xNET_SetSocketTTL) for CH57xNET_SetSocketTTL
    tcp_server.o(i.CH57xNET_CreatTcpSocket) refers to tcp_server.o(.bss) for .bss
    tcp_server.o(i.CH57xNET_CreatTcpSocket) refers to tcp_server.o(.data) for .data
    tcp_server.o(i.CH57xNET_HandleGlobalInt) refers to ch57xsock.o(i.CH57xNET_GetGlobalInt) for CH57xNET_GetGlobalInt
    tcp_server.o(i.CH57xNET_HandleGlobalInt) refers to printf8.o(i.__0printf$8) for __2printf
    tcp_server.o(i.CH57xNET_HandleGlobalInt) refers to ch57xsock.o(i.CH57xNET_GetPHYStatus) for CH57xNET_GetPHYStatus
    tcp_server.o(i.CH57xNET_HandleGlobalInt) refers to ch57xsock.o(i.CH57xNET_GetSocketInt) for CH57xNET_GetSocketInt
    tcp_server.o(i.CH57xNET_HandleGlobalInt) refers to tcp_server.o(i.CH57xNET_HandleSockInt) for CH57xNET_HandleSockInt
    tcp_server.o(i.CH57xNET_HandleGlobalInt) refers to ch57xsock.o(.bss) for CH57xInf
    tcp_server.o(i.CH57xNET_HandleSockInt) refers to ch57xsock.o(i.CH57xNET_SocketRecvLen) for CH57xNET_SocketRecvLen
    tcp_server.o(i.CH57xNET_HandleSockInt) refers to printf8.o(i.__0printf$8) for __2printf
    tcp_server.o(i.CH57xNET_HandleSockInt) refers to ch57xsock.o(i.CH57xNET_SocketRecv) for CH57xNET_SocketRecv
    tcp_server.o(i.CH57xNET_HandleSockInt) refers to ch57xsock.o(i.CH57xNET_SocketSend) for CH57xNET_SocketSend
    tcp_server.o(i.CH57xNET_HandleSockInt) refers to ch57xsock.o(i.CH57xNET_ModifyRecvBuf) for CH57xNET_ModifyRecvBuf
    tcp_server.o(i.CH57xNET_HandleSockInt) refers to tcp_server.o(.bss) for .bss
    tcp_server.o(i.CH57xNET_LibInit) refers to ch57xsock.o(i.CH57xNET_GetVer) for CH57xNET_GetVer
    tcp_server.o(i.CH57xNET_LibInit) refers to ch57xsock.o(i.CH57xNET_ConfigLIB) for CH57xNET_ConfigLIB
    tcp_server.o(i.CH57xNET_LibInit) refers to ch57xsock.o(i.CH57xNET_Init) for CH57xNET_Init
    tcp_server.o(i.CH57xNET_LibInit) refers to tcp_server.o(i.net_initkeeplive) for net_initkeeplive
    tcp_server.o(i.CH57xNET_LibInit) refers to ch57xsock.o(.data) for CH57xNETConfig
    tcp_server.o(i.ETH_IRQHandler) refers to ch57xsock.o(i.CH57xNET_ETHIsr) for CH57xNET_ETHIsr
    tcp_server.o(i.GetMacAddr) refers to ch57x_flash.o(i.GetMACAddress) for GetMACAddress
    tcp_server.o(i.SystemClock_UART1_init) refers to ch57x_pwr.o(i.PWR_UnitModCfg) for PWR_UnitModCfg
    tcp_server.o(i.SystemClock_UART1_init) refers to ch57x_sys.o(i.mDelaymS) for mDelaymS
    tcp_server.o(i.SystemClock_UART1_init) refers to ch57x_clk.o(i.SetSysClock) for SetSysClock
    tcp_server.o(i.SystemClock_UART1_init) refers to ch57x_gpio.o(i.GPIOA_ModeCfg) for GPIOA_ModeCfg
    tcp_server.o(i.SystemClock_UART1_init) refers to ch57x_uart1.o(i.UART1_DefInit) for UART1_DefInit
    tcp_server.o(i.TMR0_IRQHandler) refers to ch57xsock.o(i.CH57xNET_TimeIsr) for CH57xNET_TimeIsr
    tcp_server.o(i.mStopIfError) refers to printf8.o(i.__0printf$8) for __2printf
    tcp_server.o(i.main) refers to tcp_server.o(i.SystemClock_UART1_init) for SystemClock_UART1_init
    tcp_server.o(i.main) refers to tcp_server.o(i.GetMacAddr) for GetMacAddr
    tcp_server.o(i.main) refers to tcp_server.o(i.CH57xNET_LibInit) for CH57xNET_LibInit
    tcp_server.o(i.main) refers to tcp_server.o(i.mStopIfError) for mStopIfError
    tcp_server.o(i.main) refers to printf8.o(i.__0printf$8) for __2printf
    tcp_server.o(i.main) refers to tcp_server.o(i.Timer0Init) for Timer0Init
    tcp_server.o(i.main) refers to ch57x_sys.o(i.mDelaymS) for mDelaymS
    tcp_server.o(i.main) refers to tcp_server.o(i.CH57xNET_CreatTcpSocket) for CH57xNET_CreatTcpSocket
    tcp_server.o(i.main) refers to ch57xsock.o(i.CH57xNET_MainTask) for CH57xNET_MainTask
    tcp_server.o(i.main) refers to ch57xsock.o(i.CH57xNET_QueryGlobalInt) for CH57xNET_QueryGlobalInt
    tcp_server.o(i.main) refers to tcp_server.o(i.CH57xNET_HandleGlobalInt) for CH57xNET_HandleGlobalInt
    tcp_server.o(i.main) refers to tcp_server.o(.data) for .data
    tcp_server.o(i.main) refers to ch57xsock.o(.bss) for CH57xInf
    tcp_server.o(i.net_initkeeplive) refers to ch57xsock.o(i.CH57xNET_ConfigKeepLive) for CH57xNET_ConfigKeepLive
    ch57x_clk.o(i.Calibration_LSI) refers to idiv.o(.text) for __aeabi_idivmod
[...]
    i.etharp_arp_input                       0x000024d0   Section        0  etharp.o(i.etharp_arp_input)
    i.etharp_ip_input                        0x0000260c   Section        0  etharp.o(i.etharp_ip_input)
    i.etharp_output                          0x00002638   Section        0  etharp.o(i.etharp_output)
    i.etharp_query                           0x00002704   Section        0  etharp.o(i.etharp_query)
    i.etharp_raw                             0x000027b4   Section        0  etharp.o(i.etharp_raw)
    etharp_raw                               0x000027b5   Thumb Code   176  etharp.o(i.etharp_raw)
    i.etharp_request                         0x0000286c   Section        0  etharp.o(i.etharp_request)
    i.etharp_send_ip                         0x00002890   Section        0  etharp.o(i.etharp_send_ip)
    etharp_send_ip                           0x00002891   Thumb Code    52  etharp.o(i.etharp_send_ip)
    i.etharp_tmr                             0x000028c4   Section        0  etharp.o(i.etharp_tmr)
    i.ethernet_input                         0x0000290c   Section        0  etharp.o(i.ethernet_input)
    i.ethernetif_init                        0x00002970   Section        0  ethernetif.o(i.ethernetif_init)
    i.ethernetif_input                       0x000029b4   Section        0  ethernetif.o(i.ethernetif_input)
    i.find_entry                             0x00002a24   Section        0  etharp.o(i.find_entry)
    find_entry                               0x00002a25   Thumb Code   264  etharp.o(i.find_entry)
    i.fputc                                  0x00002b34   Section        0  ch57x_sys.o(i.fputc)
    i.htonl                                  0x00002b44   Section        0  inet.o(i.htonl)
    i.htons                                  0x00002b48   Section        0  inet.o(i.htons)
    i.icmp_dest_unreach                      0x00002b4c   Section        0  icmp.o(i.icmp_dest_unreach)
    i.icmp_input                             0x00002b58   Section        0  icmp.o(i.icmp_input)
    i.icmp_send_response                     0x00002d4c   Section        0  icmp.o(i.icmp_send_response)
    icmp_send_response                       0x00002d4d   Thumb Code   106  icmp.o(i.icmp_send_response)
    i.inet_chksum                            0x00002db6   Section        0  inet_chksum.o(i.inet_chksum)
    i.inet_chksum_pbuf                       0x00002dc2   Section        0  inet_chksum.o(i.inet_chksum_pbuf)
    i.inet_chksum_pseudo                     0x00002e00   Section        0  inet_chksum.o(i.inet_chksum_pseudo)
    i.ip_addr_isbroadcast                    0x00002e78   Section        0  ip_addr.o(i.ip_addr_isbroadcast)
    i.ip_frag                                0x00002eb2   Section        0  ip_frag.o(i.ip_frag)
    i.ip_input                               0x0000300c   Section        0  ip.o(i.ip_input)
    i.ip_output                              0x00003258   Section        0  ip.o(i.ip_output)
    i.ip_output_if                           0x0000328c   Section        0  ip.o(i.ip_output_if)
    i.ip_route                               0x00003398   Section        0  ip.o(i.ip_route)
    i.low_level_init                         0x000033ec   Section        0  ethernetif.o(i.low_level_init)
    i.low_level_input                        0x000034a8   Section        0  ethernetif.o(i.low_level_input)
    low_level_input                          0x000034a9   Thumb Code   198  ethernetif.o(i.low_level_input)
    i.low_level_output                       0x00003580   Section        0  ethernetif.o(i.low_level_output)
    low_level_output                         0x00003581   Thumb Code   140  ethernetif.o(i.low_level_output)
    i.lwip_init                              0x00003624   Section        0  init.o(i.lwip_init)
    i.lwip_standard_chksum                   0x00003640   Section        0  inet_chksum.o(i.lwip_standard_chksum)
    lwip_standard_chksum                     0x00003641   Thumb Code    60  inet_chksum.o(i.lwip_standard_chksum)
    i.mDelaymS                               0x0000367c   Section        0  ch57x_sys.o(i.mDelaymS)
    i.mDelayuS                               0x00003698   Section        0  ch57x_sys.o(i.mDelayuS)
    i.mStopIfError                           0x000036b8   Section        0  tcp_server.o(i.mStopIfError)
    i.main                                   0x000036e0   Section        0  tcp_server.o(i.main)
    i.mem_free                               0x00003780   Section        0  mem.o(i.mem_free)
    i.mem_init                               0x000037ac   Section        0  mem.o(i.mem_init)
    i.mem_malloc                             0x000037fc   Section        0  mem.o(i.mem_malloc)
    i.mem_realloc                            0x000038b0   Section        0  mem.o(i.mem_realloc)
    i.memp_free                              0x00003988   Section        0  memp.o(i.memp_free)
    i.memp_init                              0x0000399c   Section        0  memp.o(i.memp_init)
    i.memp_malloc                            0x000039ec   Section        0  memp.o(i.memp_malloc)
    i.net_initkeeplive                       0x00003a08   Section        0  tcp_server.o(i.net_initkeeplive)
    i.netif_add                              0x00003a24   Section        0  netif.o(i.netif_add)
    i.netif_is_up                            0x00003a6c   Section        0  netif.o(i.netif_is_up)
    i.netif_set_addr                         0x00003a76   Section        0  netif.o(i.netif_set_addr)
    i.netif_set_default                      0x00003a94   Section        0  netif.o(i.netif_set_default)
    i.netif_set_gw                           0x00003aa0   Section        0  netif.o(i.netif_set_gw)
    i.netif_set_ipaddr                       0x00003ab8   Section        0  netif.o(i.netif_set_ipaddr)
    i.netif_set_netmask                      0x00003b3c   Section        0  netif.o(i.netif_set_netmask)
    i.ntohl                                  0x00003b52   Section        0  inet.o(i.ntohl)
    i.ntohs                                  0x00003b56   Section        0  inet.o(i.ntohs)
    i.pbuf_alloc                             0x00003b5c   Section        0  pbuf.o(i.pbuf_alloc)
    i.pbuf_cat                               0x00003c70   Section        0  pbuf.o(i.pbuf_cat)
    i.pbuf_chain                             0x00003c98   Section        0  pbuf.o(i.pbuf_chain)
    i.pbuf_clen                              0x00003ca8   Section        0  pbuf.o(i.pbuf_clen)
    i.pbuf_copy                              0x00003cba   Section        0  pbuf.o(i.pbuf_copy)
    i.pbuf_free                              0x00003d4e   Section        0  pbuf.o(i.pbuf_free)
    i.pbuf_header                            0x00003d92   Section        0  pbuf.o(i.pbuf_header)
    i.pbuf_realloc                           0x00003df8   Section        0  pbuf.o(i.pbuf_realloc)
    i.pbuf_ref                               0x00003e4a   Section        0  pbuf.o(i.pbuf_ref)
    i.phy_change                             0x00003e58   Section        0  ch57xsock.o(i.phy_change)
    i.plug_holes                             0x00003e74   Section        0  mem.o(i.plug_holes)
    plug_holes                               0x00003e75   Thumb Code    80  mem.o(i.plug_holes)
    i.raw_bind                               0x00003ec8   Section        0  raw.o(i.raw_bind)
    i.raw_connect                            0x00003ee0   Section        0  raw.o(i.raw_connect)
    i.raw_input                              0x00003ef8   Section        0  raw.o(i.raw_input)
    i.raw_new                                0x00003f6c   Section        0  raw.o(i.raw_new)
    i.raw_recv                               0x00003f98   Section        0  raw.o(i.raw_recv)
    i.raw_send                               0x00003f9e   Section        0  raw.o(i.raw_send)
    i.raw_sendto                             0x00003fa8   Section        0  raw.o(i.raw_sendto)
    i.tcp_abandon                            0x0000403c   Section        0  tcp.o(i.tcp_abandon)
    i.tcp_accept                             0x000040e4   Section        0  tcp.o(i.tcp_accept)
    i.tcp_accept_null                        0x000040e8   Section        0  tcp.o(i.tcp_accept_null)
    tcp_accept_null                          0x000040e9   Thumb Code     6  tcp.o(i.tcp_accept_null)
    i.tcp_alloc                              0x000040f0   Section        0  tcp.o(i.tcp_alloc)
    i.tcp_arg                                0x00004204   Section        0  tcp.o(i.tcp_arg)
    i.tcp_bind                               0x00004208   Section        0  tcp.o(i.tcp_bind)
    i.tcp_close                              0x00004304   Section        0  tcp.o(i.tcp_close)
    i.tcp_eff_send_mss                       0x000043b8   Section        0  tcp.o(i.tcp_eff_send_mss)
    i.tcp_enqueue                            0x000043dc   Section        0  tcp_out.o(i.tcp_enqueue)
    i.tcp_err                                0x000047b4   Section        0  tcp.o(i.tcp_err)
    i.tcp_fasttmr                            0x000047bc   Section        0  tcp.o(i.tcp_fasttmr)
    i.tcp_input                              0x00004824   Section        0  tcp_in.o(i.tcp_input)
    i.tcp_keepalive                          0x00004bf4   Section        0  tcp_out.o(i.tcp_keepalive)
    i.tcp_listen_input                       0x00004c50   Section        0  tcp_in.o(i.tcp_listen_input)
    tcp_listen_input                         0x00004c51   Thumb Code   242  tcp_in.o(i.tcp_listen_input)
    i.tcp_listen_with_backlog                0x00004d4c   Section        0  tcp.o(i.tcp_listen_with_backlog)
    i.tcp_new                                0x00004dd0   Section        0  tcp.o(i.tcp_new)
    i.tcp_new_port                           0x00004ddc   Section        0  tcp.o(i.tcp_new_port)
    tcp_new_port                             0x00004ddd   Thumb Code    84  tcp.o(i.tcp_new_port)
    i.tcp_next_iss                           0x00004e38   Section        0  tcp.o(i.tcp_next_iss)
    i.tcp_oos_insert_segment                 0x00004e48   Section        0  tcp_in.o(i.tcp_oos_insert_segment)
    tcp_oos_insert_segment                   0x00004e49   Thumb Code   172  tcp_in.o(i.tcp_oos_insert_segment)
    i.tcp_output                             0x00004efc   Section        0  tcp_out.o(i.tcp_output)
    i.tcp_output_segment                     0x000050fc   Section        0  tcp_out.o(i.tcp_output_segment)
    tcp_output_segment                       0x000050fd   Thumb Code   222  tcp_out.o(i.tcp_output_segment)
    i.tcp_output_set_header                  0x000051e4   Section        0  tcp_out.o(i.tcp_output_set_header)
    tcp_output_set_header                    0x000051e5   Thumb Code   170  tcp_out.o(i.tcp_output_set_header)
    i.tcp_parseopt                           0x00005294   Section        0  tcp_in.o(i.tcp_parseopt)
    tcp_parseopt                             0x00005295   Thumb Code   132  tcp_in.o(i.tcp_parseopt)
    i.tcp_pcb_purge                          0x00005320   Section        0  tcp.o(i.tcp_pcb_purge)
    i.tcp_pcb_remove                         0x00005364   Section        0  tcp.o(i.tcp_pcb_remove)
    i.tcp_poll                               0x000053c0   Section        0  tcp.o(i.tcp_poll)
    i.tcp_process                            0x000053cc   Section        0  tcp_in.o(i.tcp_process)
    tcp_process                              0x000053cd   Thumb Code   808  tcp_in.o(i.tcp_process)
    i.tcp_receive                            0x00005708   Section        0  tcp_in.o(i.tcp_receive)
    tcp_receive                              0x00005709   Thumb Code  1830  tcp_in.o(i.tcp_receive)
    i.tcp_recv                               0x00005e3c   Section        0  tcp.o(i.tcp_recv)
    i.tcp_recv_null                          0x00005e42   Section        0  tcp.o(i.tcp_recv_null)
    i.tcp_recved                             0x00005e68   Section        0  tcp.o(i.tcp_recved)
    i.tcp_recved_CH57x                       0x00005ea4   Section        0  ch57xsock.o(i.tcp_recved_CH57x)
    i.tcp_recved_socket                      0x00005eae   Section        0  ch57xsock.o(i.tcp_recved_socket)
    i.tcp_rexmit                             0x00005ed4   Section        0  tcp_out.o(i.tcp_rexmit)
    i.tcp_rexmit_fast                        0x00005f24   Section        0  tcp_out.o(i.tcp_rexmit_fast)
    i.tcp_rexmit_rto                         0x00005f72   Section        0  tcp_out.o(i.tcp_rexmit_rto)
    i.tcp_rst                                0x00005fa4   Section        0  tcp_out.o(i.tcp_rst)
    i.tcp_seg_copy                           0x00006084   Section        0  tcp.o(i.tcp_seg_copy)
    i.tcp_seg_free                           0x000060a8   Section        0  tcp.o(i.tcp_seg_free)
    i.tcp_segs_free                          0x000060ca   Section        0  tcp.o(i.tcp_segs_free)
    i.tcp_send_ctrl                          0x000060e4   Section        0  tcp_out.o(i.tcp_send_ctrl)
    i.tcp_send_empty_ack                     0x000060fa   Section        0  tcp_out.o(i.tcp_send_empty_ack)
    i.tcp_sent                               0x00006168   Section        0  tcp.o(i.tcp_sent)
    i.tcp_slowtmr                            0x00006170   Section        0  tcp.o(i.tcp_slowtmr)
    i.tcp_timewait_input                     0x000063e0   Section        0  tcp_in.o(i.tcp_timewait_input)
    tcp_timewait_input                       0x000063e1   Thumb Code   112  tcp_in.o(i.tcp_timewait_input)
    i.tcp_tmr                                0x00006458   Section        0  tcp.o(i.tcp_tmr)
    i.tcp_update_rcv_ann_wnd                 0x00006474   Section        0  tcp.o(i.tcp_update_rcv_ann_wnd)
    i.tcp_write                              0x000064b0   Section        0  tcp_out.o(i.tcp_write)
    i.tcp_zero_window_probe                  0x000064e0   Section        0  tcp_out.o(i.tcp_zero_window_probe)
    i.udp_bind                               0x000065a0   Section        0  udp.o(i.udp_bind)
    i.udp_connect                            0x0000663c   Section        0  udp.o(i.udp_connect)
    i.udp_input                              0x000066c4   Section        0  udp.o(i.udp_input)
    i.udp_new                                0x000068e8   Section        0  udp.o(i.udp_new)
    i.udp_recv                               0x00006902   Section        0  udp.o(i.udp_recv)
    i.udp_send                               0x00006908   Section        0  udp.o(i.udp_send)
    i.udp_sendto                             0x00006914   Section        0  udp.o(i.udp_sendto)
    i.udp_sendto_if                          0x0000693e   Section        0  udp.o(i.udp_sendto_if)
    i.update_arp_entry                       0x00006a28   Section        0  etharp.o(i.update_arp_entry)
    update_arp_entry                         0x00006a29   Thumb Code   138  etharp.o(i.update_arp_entry)
    .constdata                               0x00006ab8   Section       16  ch57xsock.o(.constdata)
    .constdata                               0x00006ac8   Section       27  tcp.o(.constdata)
    .constdata                               0x00006ae3   Section        4  ip_addr.o(.constdata)
    .constdata                               0x00006ae7   Section        4  ip_addr.o(.constdata)
    .constdata                               0x00006aeb   Section       12  etharp.o(.constdata)
    .conststring                             0x00006af8   Section      117  tcp.o(.conststring)
    i.NMI_Handler                            0x20000000   Section        0  ch57x_int.o(i.NMI_Handler)
    .data                                    0x20000068   Section       16  tcp_server.o(.data)
    .data                                    0x20000078   Section       16  tcp_server.o(.data)
    .data                                    0x20000088   Section       19  tcp_server.o(.data)
    .data                                    0x2000009c   Section        2  tcp_server.o(.data)
    .data                                    0x2000009e   Section        2  tcp_server.o(.data)
    .data                                    0x200000a0   Section       16  ch57xsock.o(.data)
    .data                                    0x200000b0   Section        4  eth.o(.data)
    .data                                    0x200000b4   Section       12  netif.o(.data)
    netifnum                                 0x200000b4   Data           1  netif.o(.data)
    .data                                    0x200000c0   Section       76  tcp.o(.data)
    tcp_timer                                0x200000c0   Data           1  tcp.o(.data)
    port                                     0x200000c2   Data           2  tcp.o(.data)
    iss                                      0x200000c4   Data           4  tcp.o(.data)
    .data                                    0x2000010c   Section        4  udp.o(.data)
    .data                                    0x20000110   Section        8  etharp.o(.data)
    etharp_cached_entry                      0x20000110   Data           1  etharp.o(.data)
    arp_table                                0x20000114   Data           4  etharp.o(.data)
    .data                                    0x20000118   Section       64  ethernetif.o(.data)
    MacRevcNull                              0x20000118   Data           1  ethernetif.o(.data)
    .data                                    0x20000158   Section        4  raw.o(.data)
    raw_pcbs                                 0x20000158   Data           4  raw.o(.data)
    .data                                    0x2000015c   Section       16  mem.o(.data)
    ram_heap                                 0x2000015c   Data           4  mem.o(.data)
    ram                                      0x20000160   Data           4  mem.o(.data)
    ram_end                                  0x20000164   Data           4  mem.o(.data)
    lfree                                    0x20000168   Data           4  mem.o(.data)
    .data                                    0x2000016c   Section       12  memp.o(.data)
    memp_memory                              0x20000174   Data           4  memp.o(.data)
    .data                                    0x20000178   Section       28  tcp_in.o(.data)
    flags                                    0x20000178   Data           1  tcp_in.o(.data)
    recv_flags                               0x20000179   Data           1  tcp_in.o(.data)
    tcplen                                   0x2000017a   Data           2  tcp_in.o(.data)
    tcphdr                                   0x2000017c   Data           4  tcp_in.o(.data)
    iphdr                                    0x20000180   Data           4  tcp_in.o(.data)
    seqno                                    0x20000184   Data           4  tcp_in.o(.data)
    ackno                                    0x20000188   Data           4  tcp_in.o(.data)
    recv_data                                0x2000018c   Data           4  tcp_in.o(.data)
    .data                                    0x20000194   Section       12  ip.o(.data)
    ip_id                                    0x20000194   Data           2  ip.o(.data)
    .data                                    0x200001a0   Section        8  ch57xnet_dhcp.o(.data)
    xid                                      0x200001a4   Data           4  ch57xnet_dhcp.o(.data)
    .data                                    0x200001a8   Section        4  stdout.o(.data)
    .bss                                     0x200001b0   Section       64  tcp_server.o(.bss)
    .bss                                     0x200001f0   Section     2400  tcp_server.o(.bss)
    .bss                                     0x20000b50   Section      240  tcp_server.o(.bss)
    .bss                                     0x20000c40   Section     5147  tcp_server.o(.bss)
    .bss                                     0x2000205c   Section     4620  tcp_server.o(.bss)
    .bss                                     0x20003268   Section      160  tcp_server.o(.bss)
    .bss                                     0x20003308   Section     2680  tcp_server.o(.bss)
    .bss                                     0x20003d80   Section      100  ch57xsock.o(.bss)
    .bss                                     0x20003df0   Section     1916  ethernetif.o(.bss)
    .bss                                     0x2000456c   Section       10  ipcheck.o(.bss)
    .bss                                     0x20004578   Section       32  memp.o(.bss)
    memp_tab                                 0x20004578   Data          32  memp.o(.bss)
    .bss                                     0x20004598   Section       20  tcp_in.o(.bss)
    inseg                                    0x20004598   Data          20  tcp_in.o(.bss)
    .bss                                     0x200045ac   Section      628  ch57xnet_nds.o(.bss)
    dns_table                                0x200045c0   Data         608  ch57xnet_nds.o(.bss)

    Global Symbols

    Symbol Name                              Value     Ov Type        Size  Object(Section)

    BuildAttributes$$THM_ISAv3M$S$PE$A:L22$X:L11$S22$IEEE1$IW$USESV6$~STKCKD$USESV7$~SHL$OSPACE$ROPI$EBA8$MICROLIB$REQ8$PRES8$EABIv2 0x00000000   Number         0  anon$$obj.o ABSOLUTE
    __ARM_use_no_argv                        0x00000000   Number         0  tcp_server.o ABSOLUTE
    __Vectors                                0x00000000   Data           4  startup_armcm0.o(RESET)
    _printf_a                                0x00000000   Number         0  stubs.o ABSOLUTE
    _printf_c                                0x00000000   Number         0  stubs.o ABSOLUTE
    _printf_charcount                        0x00000000   Number         0  stubs.o ABSOLUTE
    _printf_d                                0x00000000   Number         0  stubs.o ABSOLUTE
    _printf_e                                0x00000000   Number         0  stubs.o ABSOLUTE
    _printf_f                                0x00000000   Number         0  stubs.o ABSOLUTE
    _printf_flags                            0x00000000   Number         0  stubs.o ABSOLUTE
    _printf_fp_dec                           0x00000000   Number         0  stubs.o ABSOLUTE
    _printf_fp_hex                           0x00000000   Number         0  stubs.o ABSOLUTE
    _printf_g                                0x00000000   Number         0  stubs.o ABSOLUTE
    _printf_i                                0x00000000   Number         0  stubs.o ABSOLUTE
    _printf_int_dec                          0x00000000   Number         0  stubs.o ABSOLUTE
    _printf_l                                0x00000000   Number         0  stubs.o ABSOLUTE
    _printf_lc                               0x00000000   Number         0  stubs.o ABSOLUTE
    _printf_ll                               0x00000000   Number         0  stubs.o ABSOLUTE
    _printf_lld                              0x00000000   Number         0  stubs.o ABSOLUTE
    _printf_lli                              0x00000000   Number         0  stubs.o ABSOLUTE
    _printf_llo                              0x00000000   Number         0  stubs.o ABSOLUTE
    _printf_llu                              0x00000000   Number         0  stubs.o ABSOLUTE
    _printf_llx                              0x00000000   Number         0  stubs.o ABSOLUTE
    _printf_longlong_dec                     0x00000000   Number         0  stubs.o ABSOLUTE
    _printf_longlong_hex                     0x00000000   Number         0  stubs.o ABSOLUTE
    _printf_longlong_oct                     0x00000000   Number         0  stubs.o ABSOLUTE
    _printf_ls                               0x00000000   Number         0  stubs.o ABSOLUTE
    _printf_mbtowc                           0x00000000   Number         0  stubs.o ABSOLUTE
    _printf_n                                0x00000000   Number         0  stubs.o ABSOLUTE
    _printf_o                                0x00000000   Number         0  stubs.o ABSOLUTE
    _printf_p                                0x00000000   Number         0  stubs.o ABSOLUTE
    _printf_percent                          0x00000000   Number         0  stubs.o ABSOLUTE
    _printf_pre_padding                      0x00000000   Number         0  stubs.o ABSOLUTE
    _printf_return_value                     0x00000000   Number         0  stubs.o ABSOLUTE
    _printf_s                                0x00000000   Number         0  stubs.o ABSOLUTE
    _printf_sizespec                         0x00000000   Number         0  stubs.o ABSOLUTE
    _printf_str                              0x00000000   Number         0  stubs.o ABSOLUTE
    _printf_truncate_signed                  0x00000000   Number         0  stubs.o ABSOLUTE
    _printf_truncate_unsigned                0x00000000   Number         0  stubs.o ABSOLUTE
    _printf_u                                0x00000000   Number         0  stubs.o ABSOLUTE
    _printf_wc                               0x00000000   Number         0  stubs.o ABSOLUTE
    _printf_wctomb                           0x00000000   Number         0  stubs.o ABSOLUTE
    _printf_widthprec                        0x00000000   Number         0  stubs.o ABSOLUTE
    _printf_x                                0x00000000   Number         0  stubs.o ABSOLUTE
    __cpp_initialize__aeabi_                  - Undefined Weak Reference
    __cxa_finalize                            - Undefined Weak Reference
    _clock_init                               - Undefined Weak Reference
    _microlib_exit                            - Undefined Weak Reference
    __Vectors_End                            0x00000090   Data           0  startup_armcm0.o(RESET)
    __Vectors_Size                           0x00000090   Number         0  startup_armcm0.o ABSOLUTE
    __main                                   0x00000091   Thumb Code     0  entry.o(.ARM.Collect$$$$00000000)
    _main_stk                                0x00000091   Thumb Code     0  entry2.o(.ARM.Collect$$$$00000001)
    _main_scatterload                        0x00000095   Thumb Code     0  entry5.o(.ARM.Collect$$$$00000004)
    __main_after_scatterload                 0x00000099   Thumb Code     0  entry5.o(.ARM.Collect$$$$00000004)
    _main_clock                              0x00000099   Thumb Code     0  entry7b.o(.ARM.Collect$$$$00000008)
    _main_cpp_init                           0x00000099   Thumb Code     0  entry8b.o(.ARM.Collect$$$$0000000A)
    _main_init                               0x00000099   Thumb Code     0  entry9a.o(.ARM.Collect$$$$0000000B)
    __rt_final_cpp                           0x000000a1   Thumb Code     0  entry10a.o(.ARM.Collect$$$$0000000D)
    __rt_final_exit                          0x000000a1   Thumb Code     0  entry11a.o(.ARM.Collect$$$$0000000F)
    Reset_Handler                            0x000000a5   Thumb Code     8  startup_armcm0.o(.text)
    HardFault_Handler                        0x000000af   Thumb Code     0  startup_armcm0.o(.text)
    SVC_Handler                              0x000000af   Thumb Code     2  startup_armcm0.o(.text)
    PendSV_Handler                           0x000000b1   Thumb Code     2  startup_armcm0.o(.text)
    SysTick_Handler                          0x000000b3   Thumb Code     2  startup_armcm0.o(.text)
    ADC_IRQHandler                           0x000000b5   Thumb Code     0  startup_armcm0.o(.text)
    BB_IRQHandler                            0x000000b5   Thumb Code     0  startup_armcm0.o(.text)
    GPIO_IRQHandler                          0x000000b5   Thumb Code     0  startup_armcm0.o(.text)
    LED_IRQHandler                           0x000000b5   Thumb Code     0  startup_armcm0.o(.text)
    LLE_IRQHandler                           0x000000b5   Thumb Code     0  startup_armcm0.o(.text)
    RTC_IRQHandler                           0x000000b5   Thumb Code     0  startup_armcm0.o(.text)
    SLAVE_IRQHandler                         0x000000b5   Thumb Code     0  startup_armcm0.o(.text)
    SPI0_IRQHandler                          0x000000b5   Thumb Code     0  startup_armcm0.o(.text)
    SPI1_IRQHandler                          0x000000b5   Thumb Code     0  startup_armcm0.o(.text)
    TMR1_IRQHandler                          0x000000b5   Thumb Code     0  startup_armcm0.o(.text)
    TMR2_IRQHandler                          0x000000b5   Thumb Code     0  startup_armcm0.o(.text)
    TMR3_IRQHandler                          0x000000b5   Thumb Code     0  startup_armcm0.o(.text)
    UART0_IRQHandler                         0x000000b5   Thumb Code     0  startup_armcm0.o(.text)
    UART1_IRQHandler                         0x000000b5   Thumb Code     0  startup_armcm0.o(.text)
    UART2_IRQHandler                         0x000000b5   Thumb Code     0  startup_armcm0.o(.text)
    UART3_IRQHandler                         0x000000b5   Thumb Code     0  startup_armcm0.o(.text)
    USB_IRQHandler                           0x000000b5   Thumb Code     0  startup_armcm0.o(.text)
    WDT_IRQHandler                           0x000000b5   Thumb Code     0  startup_armcm0.o(.text)
    __aeabi_uidiv                            0x000000c1   Thumb Code     0  uidiv.o(.text)
    __aeabi_uidivmod                         0x000000c1   Thumb Code    44  uidiv.o(.text)
    __aeabi_idiv                             0x000000ed   Thumb Code     0  idiv.o(.text)
    __aeabi_idivmod                          0x000000ed   Thumb Code    40  idiv.o(.text)
    __aeabi_memcpy                           0x00000115   Thumb Code    36  memcpya.o(.text)
    __aeabi_memcpy4                          0x00000115   Thumb Code     0  memcpya.o(.text)
    __aeabi_memcpy8                          0x00000115   Thumb Code     0  memcpya.o(.text)
    __aeabi_memset                           0x00000139   Thumb Code    14  memseta.o(.text)
    __aeabi_memset4                          0x00000139   Thumb Code     0  memseta.o(.text)
    __aeabi_memset8                          0x00000139   Thumb Code     0  memseta.o(.text)
    __aeabi_memclr                           0x00000147   Thumb Code     4  memseta.o(.text)
    __aeabi_memclr4                          0x00000147   Thumb Code     0  memseta.o(.text)
    __aeabi_memclr8                          0x00000147   Thumb Code     0  memseta.o(.text)
    _memset$wrapper                          0x0000014b   Thumb Code    18  memseta.o(.text)
    strcpy                                   0x0000015d   Thumb Code    18  strcpy.o(.text)
    __aeabi_uread4                           0x0000016f   Thumb Code    20  uread4.o(.text)
    __rt_uread4                              0x0000016f   Thumb Code     0  uread4.o(.text)
    _uread4                                  0x0000016f   Thumb Code     0  uread4.o(.text)
    __aeabi_uwrite4                          0x00000183   Thumb Code    18  uwrite4.o(.text)
    __rt_uwrite4                             0x00000183   Thumb Code     0  uwrite4.o(.text)
    _uwrite4                                 0x00000183   Thumb Code     0  uwrite4.o(.text)
    __aeabi_uldivmod                         0x00000195   Thumb Code    96  uldiv.o(.text)
    __scatterload                            0x000001f5   Thumb Code    28  init.o(.text)
    __scatterload_rt2                        0x000001f5   Thumb Code     0  init.o(.text)
    __aeabi_llsl                             0x00000219   Thumb Code    32  llshl.o(.text)
    _ll_shift_l                              0x00000219   Thumb Code     0  llshl.o(.text)
    __aeabi_llsr                             0x00000239   Thumb Code    34  llushr.o(.text)
    _ll_ushift_r                             0x00000239   Thumb Code     0  llushr.o(.text)
    __decompress                             0x0000025b   Thumb Code     0  __dczerorl2.o(.text)
    __decompress1                            0x0000025b   Thumb Code    86  __dczerorl2.o(.text)
    CH57xFileCorrectTCBPcb                   0x000002b1   Thumb Code    90  ch57xsock.o(i.CH57xFileCorrectTCBPcb)
    CH57xIPSetSocketRecvInit                 0x00000315   Thumb Code    46  ch57xsock.o(i.CH57xIPSetSocketRecvInit)
    CH57xMACRxSuccHandle                     0x0000034d   Thumb Code   106  ethernetif.o(i.CH57xMACRxSuccHandle)
    CH57xNET_ConfigKeepLive                  0x000003cd   Thumb Code    16  ch57xsock.o(i.CH57xNET_ConfigKeepLive)
    CH57xNET_ConfigLIB                       0x000003e1   Thumb Code    26  ch57xsock.o(i.CH57xNET_ConfigLIB)
    CH57xNET_CreatTcpSocket                  0x00000401   Thumb Code    80  tcp_server.o(i.CH57xNET_CreatTcpSocket)
    CH57xNET_ETHIsr                          0x00000459   Thumb Code     8  ch57xsock.o(i.CH57xNET_ETHIsr)
    CH57xNET_GetGlobalInt                    0x00000461   Thumb Code    14  ch57xsock.o(i.CH57xNET_GetGlobalInt)
    CH57xNET_GetPHYStatus                    0x00000475   Thumb Code     8  ch57xsock.o(i.CH57xNET_GetPHYStatus)
    CH57xNET_GetSocketInt                    0x00000481   Thumb Code    26  ch57xsock.o(i.CH57xNET_GetSocketInt)
    CH57xNET_GetVer                          0x000004a5   Thumb Code     4  ch57xsock.o(i.CH57xNET_GetVer)
    CH57xNET_HandleGlobalInt                 0x000004a9   Thumb Code    86  tcp_server.o(i.CH57xNET_HandleGlobalInt)
    CH57xNET_HandleSockInt                   0x0000055d   Thumb Code   116  tcp_server.o(i.CH57xNET_HandleSockInt)
    CH57xNET_Init                            0x00000621   Thumb Code   258  ch57xsock.o(i.CH57xNET_Init)
    CH57xNET_LibInit                         0x00000755   Thumb Code    84  tcp_server.o(i.CH57xNET_LibInit)
    CH57xNET_MainTask                        0x000007b5   Thumb Code    34  ch57xsock.o(i.CH57xNET_MainTask)
    CH57xNET_ModifyRecvBuf                   0x000007e1   Thumb Code    52  ch57xsock.o(i.CH57xNET_ModifyRecvBuf)
    CH57xNET_QueryGlobalInt                  0x0000081d   Thumb Code    48  ch57xsock.o(i.CH57xNET_QueryGlobalInt)
    CH57xNET_SetSocketTTL                    0x00000859   Thumb Code    46  ch57xsock.o(i.CH57xNET_SetSocketTTL)
    CH57xNET_SocketCreat                     0x0000088d   Thumb Code   370  ch57xsock.o(i.CH57xNET_SocketCreat)
    CH57xNET_SocketListen                    0x00000a21   Thumb Code    72  ch57xsock.o(i.CH57xNET_SocketListen)
    CH57xNET_SocketRecv                      0x00000a71   Thumb Code   390  ch57xsock.o(i.CH57xNET_SocketRecv)
    CH57xNET_SocketRecvLen                   0x00000c01   Thumb Code    20  ch57xsock.o(i.CH57xNET_SocketRecvLen)
    CH57xNET_SocketSend                      0x00000c19   Thumb Code    60  ch57xsock.o(i.CH57xNET_SocketSend)
    CH57xNET_SocketSetKeepLive               0x00000c59   Thumb Code    44  ch57xsock.o(i.CH57xNET_SocketSetKeepLive)
    CH57xNET_TimeIsr                         0x00000c89   Thumb Code    60  ch57xsock.o(i.CH57xNET_TimeIsr)
    CH57xScokedIntHandle                     0x00000ccd   Thumb Code    72  ch57xsock.o(i.CH57xScokedIntHandle)
    CH57xSocketInit                          0x00000d15   Thumb Code    42  ch57xsock.o(i.CH57xSocketInit)
    CH57xSocketTCPReceive                    0x00000d45   Thumb Code   258  ch57xsock.o(i.CH57xSocketTCPReceive)
    CH57xTCPError                            0x00000e51   Thumb Code     2  ch57xsock.o(i.CH57xTCPError)
    CH57xTCPServerAccept                     0x00000e55   Thumb Code   128  ch57xsock.o(i.CH57xTCPServerAccept)
    ETHInit                                  0x00000eed   Thumb Code   242  eth.o(i.ETHInit)
    ETHRec                                   0x00000ff9   Thumb Code    88  eth.o(i.ETHRec)
    ETHSend                                  0x00001059   Thumb Code    76  eth.o(i.ETHSend)
    ETH_IRQHandler                           0x000010b5   Thumb Code     8  tcp_server.o(i.ETH_IRQHandler)
    ETH_IRQ_Deal                             0x000010bd   Thumb Code   142  eth.o(i.ETH_IRQ_Deal)
    ErrorEncode                              0x00001165   Thumb Code    18  ch57xsock.o(i.ErrorEncode)
    GPIOA_ModeCfg                            0x0000117d   Thumb Code    74  ch57x_gpio.o(i.GPIOA_ModeCfg)
    GetMACAddress                            0x000011cd   Thumb Code    22  ch57x_flash.o(i.GetMACAddress)
    GetMacAddr                               0x000011e9   Thumb Code    32  tcp_server.o(i.GetMacAddr)
    GetSysClock                              0x00001209   Thumb Code    50  ch57x_clk.o(i.GetSysClock)
    IPCheckParaInit                          0x00001249   Thumb Code    30  ipcheck.o(i.IPCheckParaInit)
    IPCheckTmr                               0x00001271   Thumb Code    82  ipcheck.o(i.IPCheckTmr)
    IPConflictHandle                         0x000012c9   Thumb Code    38  ipcheck.o(i.IPConflictHandle)
    InitCH57xMAC                             0x000012f9   Thumb Code    22  hal.o(i.InitCH57xMAC)
    LwIPPeriodicHandle                       0x0000131d   Thumb Code   204  ethernetif.o(i.LwIPPeriodicHandle)
    LwipArpCheck                             0x00001409   Thumb Code     8  ch57xsock.o(i.LwipArpCheck)
    LwipRemoveTcpPcb                         0x00001415   Thumb Code   104  ch57xsock.o(i.LwipRemoveTcpPcb)
    LwipTCPPollCallBack                      0x00001485   Thumb Code     4  ch57xsock.o(i.LwipTCPPollCallBack)
    LwipTCPSendCallBack                      0x00001489   Thumb Code    54  ch57xsock.o(i.LwipTCPSendCallBack)
    LwipUnreachPort                          0x000014c1   Thumb Code    22  ch57xsock.o(i.LwipUnreachPort)
    MemShortCopy                             0x000014dd   Thumb Code    22  ch57xsock.o(i.MemShortCopy)
    PWR_UnitModCfg                           0x000014f5   Thumb Code    92  ch57x_pwr.o(i.PWR_UnitModCfg)
    PowerMonitor                             0x00001555   Thumb Code    56  ch57x_pwr.o(i.PowerMonitor)
    QuaryEthRxDma                            0x00001591   Thumb Code    74  ethernetif.o(i.QuaryEthRxDma)
    QueryPingEnable                          0x000015fd   Thumb Code     6  ch57xsock.o(i.QueryPingEnable)
    ReadPHYReg                               0x00001609   Thumb Code    16  eth.o(i.ReadPHYReg)
    RemoveTimeWaiTCP                         0x0000161d   Thumb Code    52  tcp.o(i.RemoveTimeWaiTCP)
    SelIPARPSend                             0x00001655   Thumb Code    26  ipcheck.o(i.SelIPARPSend)
    SetSysClock                              0x00001675   Thumb Code   174  ch57x_clk.o(i.SetSysClock)
    SetupNetif                               0x0000172d   Thumb Code   118  ethernetif.o(i.SetupNetif)
    SocketIPRAWReceive                       0x000017c1   Thumb Code   172  ch57xsock.o(i.SocketIPRAWReceive)
    SocketIPRawSend                          0x0000186d   Thumb Code   194  ch57xsock.o(i.SocketIPRawSend)
    SocketTcpSend                            0x00001939   Thumb Code   250  ch57xsock.o(i.SocketTcpSend)
    SocketUdpReceive                         0x00001a3d   Thumb Code   184  ch57xsock.o(i.SocketUdpReceive)
    SocketUdpSend                            0x00001af5   Thumb Code   182  ch57xsock.o(i.SocketUdpSend)
    SystemClock_UART1_init                   0x00001bb5   Thumb Code    44  tcp_server.o(i.SystemClock_UART1_init)
    SystemInit                               0x00001be5   Thumb Code    46  ch57x_clk.o(i.SystemInit)
    TMR0_IRQHandler                          0x00001c19   Thumb Code    20  tcp_server.o(i.TMR0_IRQHandler)
    Timer0Init                               0x00001c31   Thumb Code    36  tcp_server.o(i.Timer0Init)
    UART1_BaudRateCfg                        0x00001c5d   Thumb Code    34  ch57x_uart1.o(i.UART1_BaudRateCfg)
    UART1_DefInit                            0x00001c85   Thumb Code    30  ch57x_uart1.o(i.UART1_DefInit)
    __0printf$8                              0x00001ca9   Thumb Code    24  printf8.o(i.__0printf$8)
    __1printf$8                              0x00001ca9   Thumb Code     0  printf8.o(i.__0printf$8)
    __2printf                                0x00001ca9   Thumb Code     0  printf8.o(i.__0printf$8)
    __ARM_common_switch8                     0x00001cc9   Thumb Code    26  ch57x_clk.o(i.__ARM_common_switch8)
    __scatterload_copy                       0x00001ce3   Thumb Code    14  handlers.o(i.__scatterload_copy)
    __scatterload_null                       0x00001cf1   Thumb Code     2  handlers.o(i.__scatterload_null)
    __scatterload_zeroinit                   0x00001cf3   Thumb Code    14  handlers.o(i.__scatterload_zeroinit)
    dhcp_arp_reply                           0x00002175   Thumb Code    38  ch57xnet_dhcp.o(i.dhcp_arp_reply)
    etharp_arp_input                         0x000024d1   Thumb Code   302  etharp.o(i.etharp_arp_input)
    etharp_ip_input                          0x0000260d   Thumb Code    44  etharp.o(i.etharp_ip_input)
    etharp_output                            0x00002639   Thumb Code   198  etharp.o(i.etharp_output)
    etharp_query                             0x00002705   Thumb Code   170  etharp.o(i.etharp_query)
    etharp_request                           0x0000286d   Thumb Code    32  etharp.o(i.etharp_request)
    etharp_tmr                               0x000028c5   Thumb Code    62  etharp.o(i.etharp_tmr)
    ethernet_input                           0x0000290d   Thumb Code    94  etharp.o(i.ethernet_input)
    ethernetif_init                          0x00002971   Thumb Code    54  ethernetif.o(i.ethernetif_init)
    ethernetif_input                         0x000029b5   Thumb Code    94  ethernetif.o(i.ethernetif_input)
    fputc                                    0x00002b35   Thumb Code    12  ch57x_sys.o(i.fputc)
    htonl                                    0x00002b45   Thumb Code     4  inet.o(i.htonl)
    htons                                    0x00002b49   Thumb Code     4  inet.o(i.htons)
    icmp_dest_unreach                        0x00002b4d   Thumb Code    12  icmp.o(i.icmp_dest_unreach)
    icmp_input                               0x00002b59   Thumb Code   494  icmp.o(i.icmp_input)
    inet_chksum                              0x00002db7   Thumb Code    12  inet_chksum.o(i.inet_chksum)
    inet_chksum_pbuf                         0x00002dc3   Thumb Code    62  inet_chksum.o(i.inet_chksum_pbuf)
    inet_chksum_pseudo                       0x00002e01   Thumb Code   120  inet_chksum.o(i.inet_chksum_pseudo)
    ip_addr_isbroadcast                      0x00002e79   Thumb Code    58  ip_addr.o(i.ip_addr_isbroadcast)
    ip_frag                                  0x00002eb3   Thumb Code   346  ip_frag.o(i.ip_frag)
    ip_input                                 0x0000300d   Thumb Code   572  ip.o(i.ip_input)
    ip_output                                0x00003259   Thumb Code    50  ip.o(i.ip_output)
    ip_output_if                             0x0000328d   Thumb Code   262  ip.o(i.ip_output_if)
    ip_route                                 0x00003399   Thumb Code    74  ip.o(i.ip_route)
    low_level_init                           0x000033ed   Thumb Code   146  ethernetif.o(i.low_level_init)
    lwip_init                                0x00003625   Thumb Code    22  init.o(i.lwip_init)
    mDelaymS                                 0x0000367d   Thumb Code    28  ch57x_sys.o(i.mDelaymS)
    mDelayuS                                 0x00003699   Thumb Code    30  ch57x_sys.o(i.mDelayuS)
    mStopIfError                             0x000036b9   Thumb Code    16  tcp_server.o(i.mStopIfError)
    main                                     0x000036e1   Thumb Code    88  tcp_server.o(i.main)
    mem_free                                 0x00003781   Thumb Code    40  mem.o(i.mem_free)
    mem_init                                 0x000037ad   Thumb Code    68  mem.o(i.mem_init)
    mem_malloc                               0x000037fd   Thumb Code   168  mem.o(i.mem_malloc)
    mem_realloc                              0x000038b1   Thumb Code   204  mem.o(i.mem_realloc)
    memp_free                                0x00003989   Thumb Code    16  memp.o(i.memp_free)
    memp_init                                0x0000399d   Thumb Code    70  memp.o(i.memp_init)
    memp_malloc                              0x000039ed   Thumb Code    24  memp.o(i.memp_malloc)
    net_initkeeplive                         0x00003a09   Thumb Code    22  tcp_server.o(i.net_initkeeplive)
    netif_add                                0x00003a25   Thumb Code    68  netif.o(i.netif_add)
    netif_is_up                              0x00003a6d   Thumb Code    10  netif.o(i.netif_is_up)
    netif_set_addr                           0x00003a77   Thumb Code    30  netif.o(i.netif_set_addr)
    netif_set_default                        0x00003a95   Thumb Code     6  netif.o(i.netif_set_default)
    netif_set_gw                             0x00003aa1   Thumb Code    22  netif.o(i.netif_set_gw)
    netif_set_ipaddr                         0x00003ab9   Thumb Code   124  netif.o(i.netif_set_ipaddr)
    netif_set_netmask                        0x00003b3d   Thumb Code    22  netif.o(i.netif_set_netmask)
    ntohl                                    0x00003b53   Thumb Code     4  inet.o(i.ntohl)
    ntohs                                    0x00003b57   Thumb Code     4  inet.o(i.ntohs)
    pbuf_alloc                               0x00003b5d   Thumb Code   270  pbuf.o(i.pbuf_alloc)
    pbuf_cat                                 0x00003c71   Thumb Code    40  pbuf.o(i.pbuf_cat)
    pbuf_chain                               0x00003c99   Thumb Code    16  pbuf.o(i.pbuf_chain)
    pbuf_clen                                0x00003ca9   Thumb Code    18  pbuf.o(i.pbuf_clen)
    pbuf_copy                                0x00003cbb   Thumb Code   148  pbuf.o(i.pbuf_copy)
    pbuf_free                                0x00003d4f   Thumb Code    68  pbuf.o(i.pbuf_free)
    pbuf_header                              0x00003d93   Thumb Code   102  pbuf.o(i.pbuf_header)
    pbuf_realloc                             0x00003df9   Thumb Code    82  pbuf.o(i.pbuf_realloc)
    pbuf_ref                                 0x00003e4b   Thumb Code    12  pbuf.o(i.pbuf_ref)
    phy_change                               0x00003e59   Thumb Code    18  ch57xsock.o(i.phy_change)
    raw_bind                                 0x00003ec9   Thumb Code    24  raw.o(i.raw_bind)
    raw_connect                              0x00003ee1   Thumb Code    24  raw.o(i.raw_connect)
    raw_input                                0x00003ef9   Thumb Code   110  raw.o(i.raw_input)
    raw_new                                  0x00003f6d   Thumb Code    38  raw.o(i.raw_new)
    raw_recv                                 0x00003f99   Thumb Code     6  raw.o(i.raw_recv)
    raw_send                                 0x00003f9f   Thumb Code    10  raw.o(i.raw_send)
    raw_sendto                               0x00003fa9   Thumb Code   146  raw.o(i.raw_sendto)
    tcp_abandon                              0x0000403d   Thumb Code   164  tcp.o(i.tcp_abandon)
    tcp_accept                               0x000040e5   Thumb Code     4  tcp.o(i.tcp_accept)
    tcp_alloc                                0x000040f1   Thumb Code   260  tcp.o(i.tcp_alloc)
    tcp_arg                                  0x00004205   Thumb Code     4  tcp.o(i.tcp_arg)
    tcp_bind                                 0x00004209   Thumb Code   248  tcp.o(i.tcp_bind)
    tcp_close                                0x00004305   Thumb Code   176  tcp.o(i.tcp_close)
    tcp_eff_send_mss                         0x000043b9   Thumb Code    36  tcp.o(i.tcp_eff_send_mss)
    tcp_enqueue                              0x000043dd   Thumb Code   970  tcp_out.o(i.tcp_enqueue)
    tcp_err                                  0x000047b5   Thumb Code     6  tcp.o(i.tcp_err)
    tcp_fasttmr                              0x000047bd   Thumb Code    98  tcp.o(i.tcp_fasttmr)
    tcp_input                                0x00004825   Thumb Code   956  tcp_in.o(i.tcp_input)
    tcp_keepalive                            0x00004bf5   Thumb Code    90  tcp_out.o(i.tcp_keepalive)
    tcp_listen_with_backlog                  0x00004d4d   Thumb Code   124  tcp.o(i.tcp_listen_with_backlog)
    tcp_new                                  0x00004dd1   Thumb Code    10  tcp.o(i.tcp_new)
    tcp_next_iss                             0x00004e39   Thumb Code    12  tcp.o(i.tcp_next_iss)
    tcp_output                               0x00004efd   Thumb Code   508  tcp_out.o(i.tcp_output)
    tcp_pcb_purge                            0x00005321   Thumb Code    68  tcp.o(i.tcp_pcb_purge)
    tcp_pcb_remove                           0x00005365   Thumb Code    86  tcp.o(i.tcp_pcb_remove)
    tcp_poll                                 0x000053c1   Thumb Code    10  tcp.o(i.tcp_poll)
    tcp_recv                                 0x00005e3d   Thumb Code     6  tcp.o(i.tcp_recv)
    tcp_recv_null                            0x00005e43   Thumb Code    36  tcp.o(i.tcp_recv_null)
    tcp_recved                               0x00005e69   Thumb Code    56  tcp.o(i.tcp_recved)
    tcp_recved_CH57x                         0x00005ea5   Thumb Code    10  ch57xsock.o(i.tcp_recved_CH57x)
    tcp_recved_socket                        0x00005eaf   Thumb Code    38  ch57xsock.o(i.tcp_recved_socket)
    tcp_rexmit                               0x00005ed5   Thumb Code    80  tcp_out.o(i.tcp_rexmit)
    tcp_rexmit_fast                          0x00005f25   Thumb Code    78  tcp_out.o(i.tcp_rexmit_fast)
    tcp_rexmit_rto                           0x00005f73   Thumb Code    48  tcp_out.o(i.tcp_rexmit_rto)
    tcp_rst                                  0x00005fa5   Thumb Code   216  tcp_out.o(i.tcp_rst)
    tcp_seg_copy                             0x00006085   Thumb Code    36  tcp.o(i.tcp_seg_copy)
    tcp_seg_free                             0x000060a9   Thumb Code    34  tcp.o(i.tcp_seg_free)
    tcp_segs_free                            0x000060cb   Thumb Code    26  tcp.o(i.tcp_segs_free)
    tcp_send_ctrl                            0x000060e5   Thumb Code    22  tcp_out.o(i.tcp_send_ctrl)
    tcp_send_empty_ack                       0x000060fb   Thumb Code   110  tcp_out.o(i.tcp_send_empty_ack)
    tcp_sent                                 0x00006169   Thumb Code     6  tcp.o(i.tcp_sent)
    tcp_slowtmr                              0x00006171   Thumb Code   608  tcp.o(i.tcp_slowtmr)
    tcp_tmr                                  0x00006459   Thumb Code    24  tcp.o(i.tcp_tmr)
    tcp_update_rcv_ann_wnd                   0x00006475   Thumb Code    54  tcp.o(i.tcp_update_rcv_ann_wnd)
    tcp_write                                0x000064b1   Thumb Code    48  tcp_out.o(i.tcp_write)
    tcp_zero_window_probe                    0x000064e1   Thumb Code   186  tcp_out.o(i.tcp_zero_window_probe)
    udp_bind                                 0x000065a1   Thumb Code   148  udp.o(i.udp_bind)
    udp_connect                              0x0000663d   Thumb Code   130  udp.o(i.udp_connect)
    udp_input                                0x000066c5   Thumb Code   538  udp.o(i.udp_input)
    udp_new                                  0x000068e9   Thumb Code    26  udp.o(i.udp_new)
    udp_recv                                 0x00006903   Thumb Code     6  udp.o(i.udp_recv)
    udp_send                                 0x00006909   Thumb Code    12  udp.o(i.udp_send)
    udp_sendto                               0x00006915   Thumb Code    42  udp.o(i.udp_sendto)
    udp_sendto_if                            0x0000693f   Thumb Code   234  udp.o(i.udp_sendto_if)
    ErrTable                                 0x00006ab8   Data          16  ch57xsock.o(.constdata)
    tcp_persist_backoff                      0x00006ac8   Data           7  tcp.o(.constdata)
    tcp_backoff                              0x00006acf   Data          20  tcp.o(.constdata)
    ip_addr_any                              0x00006ae3   Data           4  ip_addr.o(.constdata)
    ip_addr_broadcast                        0x00006ae7   Data           4  ip_addr.o(.constdata)
    ethbroadcast                             0x00006aeb   Data           6  etharp.o(.constdata)
    ethzero                                  0x00006af1   Data           6  etharp.o(.constdata)
    Region$$Table$$Base                      0x00006b70   Number         0  anon$$obj.o(Region$$Table)
    Region$$Table$$Limit                     0x00006ba0   Number         0  anon$$obj.o(Region$$Table)
    NMI_Handler                              0x20000001   Thumb Code    98  ch57x_int.o(i.NMI_Handler)
    MemNum                                   0x20000068   Data          16  tcp_server.o(.data)
    MemSize                                  0x20000078   Data          16  tcp_server.o(.data)
    SocketId                                 0x20000088   Data           1  tcp_server.o(.data)
    IPAddr                                   0x20000089   Data           4  tcp_server.o(.data)
    GWIPAddr                                 0x2000008d   Data           4  tcp_server.o(.data)
    IPMask                                   0x20000091   Data           4  tcp_server.o(.data)
    MACAddr                                  0x20000095   Data           6  tcp_server.o(.data)
    CH57xNET_LEDCONN                         0x2000009c   Data           2  tcp_server.o(.data)
    CH57xNET_LEDDATA                         0x2000009e   Data           2  tcp_server.o(.data)
    PHYFLAG                                  0x200000a0   Data           1  ch57xsock.o(.data)
    physflag                                 0x200000a1   Data           1  ch57xsock.o(.data)
    RxQueueEntries                           0x200000a2   Data           1  ch57xsock.o(.data)
    TxQueueEntries                           0x200000a3   Data           1  ch57xsock.o(.data)
    PingEnable                               0x200000a4   Data           1  ch57xsock.o(.data)
    SocketNum                                0x200000a5   Data           1  ch57xsock.o(.data)
    phytime                                  0x200000a6   Data           2  ch57xsock.o(.data)
    CH57xNETConfig                           0x200000a8   Data           4  ch57xsock.o(.data)
    tcppackt                                 0x200000ac   Data           4  ch57xsock.o(.data)
    SuccessPackets                           0x200000b0   Data           4  eth.o(.data)
    netif_list                               0x200000b8   Data           4  netif.o(.data)
    netif_default                            0x200000bc   Data           4  netif.o(.data)
    tcp_ticks                                0x200000c8   Data           4  tcp.o(.data)
    tcp_bound_pcbs                           0x200000cc   Data           4  tcp.o(.data)
    tcp_listen_pcbs                          0x200000d0   Data           4  tcp.o(.data)
    tcp_active_pcbs                          0x200000d4   Data           4  tcp.o(.data)
    tcp_tw_pcbs                              0x200000d8   Data           4  tcp.o(.data)
    tcp_tmp_pcb                              0x200000dc   Data           4  tcp.o(.data)
    tcp_state_str                            0x200000e0   Data          44  tcp.o(.data)
    udp_pcbs                                 0x2000010c   Data           4  udp.o(.data)
    DataLED                                  0x20000119   Data           1  ethernetif.o(.data)
    LocalTime                                0x2000011c   Data           4  ethernetif.o(.data)
    TCPTimer                                 0x20000120   Data           4  ethernetif.o(.data)
    ARPTimer                                 0x20000124   Data           4  ethernetif.o(.data)
    DHCPfineTimer                            0x20000128   Data           4  ethernetif.o(.data)
    DHCPcoarseTimer                          0x2000012c   Data           4  ethernetif.o(.data)
    DHCPTestTimer                            0x20000130   Data           4  ethernetif.o(.data)
    DNSTimer                                 0x20000134   Data           4  ethernetif.o(.data)
    CH57xMACAddr                             0x20000138   Data           4  ethernetif.o(.data)
    CH57xIPAddr                              0x2000013c   Data           4  ethernetif.o(.data)
    CH57xGWIPAddr                            0x20000140   Data           4  ethernetif.o(.data)
    CH57xIPMask                              0x20000144   Data           4  ethernetif.o(.data)
    TX_BUF_ADDR                              0x20000148   Data           4  ethernetif.o(.data)
    TX_DESC_ADDR                             0x2000014c   Data           4  ethernetif.o(.data)
    RX_BUF_ADDR                              0x20000150   Data           4  ethernetif.o(.data)
    RX_DESC_ADDR                             0x20000154   Data           4  ethernetif.o(.data)
    memp_sizes                               0x2000016c   Data           4  memp.o(.data)
    memp_num                                 0x20000170   Data           4  memp.o(.data)
    tcp_input_pcb                            0x20000190   Data           4  tcp_in.o(.data)
    current_netif                            0x20000198   Data           4  ip.o(.data)
    current_header                           0x2000019c   Data           4  ip.o(.data)
    DHCPFlag                                 0x200001a0   Data           1  ch57xnet_dhcp.o(.data)
    __stdout                                 0x200001a8   Data           4  stdout.o(.data)
    CH57xMACRxDesBuf                         0x200001b0   Data          64  tcp_server.o(.bss)
    CH57xMACRxBuf                            0x200001f0   Data        2400  tcp_server.o(.bss)
    SocketInf                                0x20000b50   Data         240  tcp_server.o(.bss)
    Memp_Memory                              0x20000c40   Data        5147  tcp_server.o(.bss)
    Mem_Heap_Memory                          0x2000205c   Data        4620  tcp_server.o(.bss)
    Mem_ArpTable                             0x20003268   Data         160  tcp_server.o(.bss)
    SocketRecvBuf                            0x20003308   Data        2144  tcp_server.o(.bss)
    MyBuf                                    0x20003b68   Data         536  tcp_server.o(.bss)
    CH57xInf                                 0x20003d80   Data          68  ch57xsock.o(.bss)
    CH57xCfg                                 0x20003dc4   Data          20  ch57xsock.o(.bss)
    KeepLiveCfg                              0x20003dd8   Data          12  ch57xsock.o(.bss)
    DHCPCtrl                                 0x20003df0   Data          24  ethernetif.o(.bss)
    CH57xNetIf                               0x20003e08   Data          56  ethernetif.o(.bss)
    CH57xMACTxDesBuf                         0x20003e40   Data          32  ethernetif.o(.bss)
    CH57xMACTxBuf                            0x20003e60   Data        1536  ethernetif.o(.bss)
    dhcp_host_name                           0x20004460   Data          50  ethernetif.o(.bss)
    RxCtrl                                   0x20004494   Data         196  ethernetif.o(.bss)
    TXCtrl                                   0x20004558   Data          20  ethernetif.o(.bss)
    SelARP                                   0x2000456c   Data          10  ipcheck.o(.bss)
    DNSInf                                   0x200045ac   Data          20  ch57xnet_nds.o(.bss)
    __initial_sp                             0x20008000   Number         0  startup_armcm0.o ABSOLUTE



==============================================================================

Memory Map of the image

  Image Entry point : 0x00000091

  Load Region LR_IROM1 (Base: 0x00000000, Size: 0x00006d4c, Max: 0x00040000, ABSOLUTE, COMPRESSED[0x00006c78])

    Execution Region ER_IROM1 (Base: 0x00000000, Size: 0x00006ba0, Max: 0x00040000, ABSOLUTE)

    Base Addr    Size         Type   Attr      Idx    E Section Name        Object

    0x00000000   0x00000090   Data   RO          714    RESET               startup_armcm0.o
    0x00000090   0x00000000   Code   RO         1289  * .ARM.Collect$$$$00000000  mc_p.l(entry.o)
    0x00000090   0x00000004   Code   RO         1573    .ARM.Collect$$$$00000001  mc_p.l(entry2.o)
    0x00000094   0x00000004   Code   RO         1576    .ARM.Collect$$$$00000004  mc_p.l(entry5.o)
    0x00000098   0x00000000   Code   RO         1578    .ARM.Collect$$$$00000008  mc_p.l(entry7b.o)
    0x00000098   0x00000000   Code   RO         1580    .ARM.Collect$$$$0000000A  mc_p.l(entry8b.o)
    0x00000098   0x00000008   Code   RO         1581    .ARM.Collect$$$$0000000B  mc_p.l(entry9a.o)
    0x000000a0   0x00000000   Code   RO         1583    .ARM.Collect$$$$0000000D  mc_p.l(entry10a.o)
    0x000000a0   0x00000000   Code   RO         1585    .ARM.Collect$$$$0000000F  mc_p.l(entry11a.o)
    0x000000a0   0x00000004   Code   RO         1574    .ARM.Collect$$$$00002712  mc_p.l(entry2.o)
    0x000000a4   0x0000001c   Code   RO          715    .text               startup_armcm0.o
    0x000000c0   0x0000002c   Code   RO         1292    .text               mc_p.l(uidiv.o)
    0x000000ec   0x00000028   Code   RO         1294    .text               mc_p.l(idiv.o)
    0x00000114   0x00000024   Code   RO         1296    .text               mc_p.l(memcpya.o)
    0x00000138   0x00000024   Code   RO         1298    .text               mc_p.l(memseta.o)
    0x0000015c   0x00000012   Code   RO         1304    .text               mc_p.l(strcpy.o)
    0x0000016e   0x00000014   Code   RO         1569    .text               mc_p.l(uread4.o)
    0x00000182   0x00000012   Code   RO         1571    .text               mc_p.l(uwrite4.o)
    0x00000194   0x00000060   Code   RO         1588    .text               mc_p.l(uldiv.o)
    0x000001f4   0x00000024   Code   RO         1601    .text               mc_p.l(init.o)
    0x00000218   0x00000020   Code   RO         1603    .text               mc_p.l(llshl.o)
    0x00000238   0x00000022   Code   RO         1605    .text               mc_p.l(llushr.o)
    0x0000025a   0x00000056   Code   RO         1621    .text               mc_p.l(__dczerorl2.o)
    0x000002b0   0x00000064   Code   RO          720    i.CH57xFileCorrectTCBPcb  CH57xNET.LIB(ch57xsock.o)
    0x00000314   0x00000038   Code   RO          722    i.CH57xIPSetSocketRecvInit  CH57xNET.LIB(ch57xsock.o)
    0x0000034c   0x00000080   Code   RO         1073    i.CH57xMACRxSuccHandle  CH57xNET.LIB(ethernetif.o)
    0x000003cc   0x00000014   Code   RO          724    i.CH57xNET_ConfigKeepLive  CH57xNET.LIB(ch57xsock.o)
    0x000003e0   0x00000020   Code   RO          725    i.CH57xNET_ConfigLIB  CH57xNET.LIB(ch57xsock.o)
    0x00000400   0x00000058   Code   RO            3    i.CH57xNET_CreatTcpSocket  tcp_server.o
    0x00000458   0x00000008   Code   RO          726    i.CH57xNET_ETHIsr   CH57xNET.LIB(ch57xsock.o)
    0x00000460   0x00000014   Code   RO          727    i.CH57xNET_GetGlobalInt  CH57xNET.LIB(ch57xsock.o)
    0x00000474   0x0000000c   Code   RO          728    i.CH57xNET_GetPHYStatus  CH57xNET.LIB(ch57xsock.o)
    0x00000480   0x00000024   Code   RO          729    i.CH57xNET_GetSocketInt  CH57xNET.LIB(ch57xsock.o)
    0x000004a4   0x00000004   Code   RO          730    i.CH57xNET_GetVer   CH57xNET.LIB(ch57xsock.o)
    0x000004a8   0x000000b4   Code   RO            4    i.CH57xNET_HandleGlobalInt  tcp_server.o
    0x0000055c   0x000000c4   Code   RO            5    i.CH57xNET_HandleSockInt  tcp_server.o
    0x00000620   0x00000134   Code   RO          731    i.CH57xNET_Init     CH57xNET.LIB(ch57xsock.o)
    0x00000754   0x00000060   Code   RO            6    i.CH57xNET_LibInit  tcp_server.o
    0x000007b4   0x0000002c   Code   RO          732    i.CH57xNET_MainTask  CH57xNET.LIB(ch57xsock.o)
    0x000007e0   0x0000003c   Code   RO          733    i.CH57xNET_ModifyRecvBuf  CH57xNET.LIB(ch57xsock.o)
    0x0000081c   0x0000003c   Code   RO          737    i.CH57xNET_QueryGlobalInt  CH57xNET.LIB(ch57xsock.o)
    0x00000858   0x00000034   Code   RO          740    i.CH57xNET_SetSocketTTL  CH57xNET.LIB(ch57xsock.o)
    0x0000088c   0x00000194   Code   RO          743    i.CH57xNET_SocketCreat  CH57xNET.LIB(ch57xsock.o)
    0x00000a20   0x00000050   Code   RO          744    i.CH57xNET_SocketListen  CH57xNET.LIB(ch57xsock.o)
    0x00000a70   0x00000190   Code   RO          745    i.CH57xNET_SocketRecv  CH57xNET.LIB(ch57xsock.o)
    0x00000c00   0x00000018   Code   RO          746    i.CH57xNET_SocketRecvLen  CH57xNET.LIB(ch57xsock.o)
    0x00000c18   0x00000040   Code   RO          747    i.CH57xNET_SocketSend  CH57xNET.LIB(ch57xsock.o)
    0x00000c58   0x00000030   Code   RO          748    i.CH57xNET_SocketSetKeepLive  CH57xNET.LIB(ch57xsock.o)
    0x00000c88   0x00000044   Code   RO          750    i.CH57xNET_TimeIsr  CH57xNET.LIB(ch57xsock.o)
    0x00000ccc   0x00000048   Code   RO          751    i.CH57xScokedIntHandle  CH57xNET.LIB(ch57xsock.o)
    0x00000d14   0x00000030   Code   RO          752    i.CH57xSocketInit   CH57xNET.LIB(ch57xsock.o)
    0x00000d44   0x0000010c   Code   RO          753    i.CH57xSocketTCPReceive  CH57xNET.LIB(ch57xsock.o)
    0x00000e50   0x00000002   Code   RO          755    i.CH57xTCPError     CH57xNET.LIB(ch57xsock.o)
    0x00000e52   0x00000002   PAD
    0x00000e54   0x00000098   Code   RO          756    i.CH57xTCPServerAccept  CH57xNET.LIB(ch57xsock.o)
    0x00000eec   0x0000010c   Code   RO          843    i.ETHInit           CH57xNET.LIB(eth.o)
    0x00000ff8   0x00000060   Code   RO          844    i.ETHRec            CH57xNET.LIB(eth.o)
    0x00001058   0x0000005c   Code   RO          845    i.ETHSend           CH57xNET.LIB(eth.o)
    0x000010b4   0x00000008   Code   RO            7    i.ETH_IRQHandler    tcp_server.o
    0x000010bc   0x000000a8   Code   RO          846    i.ETH_IRQ_Deal      CH57xNET.LIB(eth.o)
    0x00001164   0x00000018   Code   RO          760    i.ErrorEncode       CH57xNET.LIB(ch57xsock.o)
    0x0000117c   0x00000050   Code   RO          365    i.GPIOA_ModeCfg     ch57x_gpio.o
    0x000011cc   0x0000001c   Code   RO          670    i.GetMACAddress     ch57x_flash.o
    0x000011e8   0x00000020   Code   RO            8    i.GetMacAddr        tcp_server.o
    0x00001208   0x00000040   Code   RO          175    i.GetSysClock       ch57x_clk.o
    0x00001248   0x00000028   Code   RO         1119    i.IPCheckParaInit   CH57xNET.LIB(ipcheck.o)
    0x00001270   0x00000058   Code   RO         1120    i.IPCheckTmr        CH57xNET.LIB(ipcheck.o)
    0x000012c8   0x00000030   Code   RO         1121    i.IPConflictHandle  CH57xNET.LIB(ipcheck.o)
    0x000012f8   0x00000024   Code   RO         1116    i.InitCH57xMAC      CH57xNET.LIB(hal.o)
    0x0000131c   0x000000ec   Code   RO         1075    i.LwIPPeriodicHandle  CH57xNET.LIB(ethernetif.o)
    0x00001408   0x0000000c   Code   RO          761    i.LwipArpCheck      CH57xNET.LIB(ch57xsock.o)
    0x00001414   0x00000070   Code   RO          762    i.LwipRemoveTcpPcb  CH57xNET.LIB(ch57xsock.o)
    0x00001484   0x00000004   Code   RO          763    i.LwipTCPPollCallBack  CH57xNET.LIB(ch57xsock.o)
    0x00001488   0x00000036   Code   RO          764    i.LwipTCPSendCallBack  CH57xNET.LIB(ch57xsock.o)
    0x000014be   0x00000002   PAD
    0x000014c0   0x0000001c   Code   RO          766    i.LwipUnreachPort   CH57xNET.LIB(ch57xsock.o)
    0x000014dc   0x00000016   Code   RO          767    i.MemShortCopy      CH57xNET.LIB(ch57xsock.o)
    0x000014f2   0x00000002   PAD
    0x000014f4   0x00000060   Code   RO          312    i.PWR_UnitModCfg    ch57x_pwr.o
    0x00001554   0x0000003c   Code   RO          313    i.PowerMonitor      ch57x_pwr.o
    0x00001590   0x0000006c   Code   RO         1076    i.QuaryEthRxDma     CH57xNET.LIB(ethernetif.o)
    0x000015fc   0x0000000c   Code   RO          768    i.QueryPingEnable   CH57xNET.LIB(ch57xsock.o)
    0x00001608   0x00000014   Code   RO          849    i.ReadPHYReg        CH57xNET.LIB(eth.o)
    0x0000161c   0x00000038   Code   RO          912    i.RemoveTimeWaiTCP  CH57xNET.LIB(tcp.o)
    0x00001654   0x00000020   Code   RO         1122    i.SelIPARPSend      CH57xNET.LIB(ipcheck.o)
    0x00001674   0x000000b8   Code   RO          191    i.SetSysClock       ch57x_clk.o
    0x0000172c   0x00000094   Code   RO         1077    i.SetupNetif        CH57xNET.LIB(ethernetif.o)
    0x000017c0   0x000000ac   Code   RO          769    i.SocketIPRAWReceive  CH57xNET.LIB(ch57xsock.o)
    0x0000186c   0x000000cc   Code   RO          770    i.SocketIPRawSend   CH57xNET.LIB(ch57xsock.o)
    0x00001938   0x00000104   Code   RO          771    i.SocketTcpSend     CH57xNET.LIB(ch57xsock.o)
    0x00001a3c   0x000000b8   Code   RO          772    i.SocketUdpReceive  CH57xNET.LIB(ch57xsock.o)
    0x00001af4   0x000000c0   Code   RO          773    i.SocketUdpSend     CH57xNET.LIB(ch57xsock.o)
    0x00001bb4   0x00000030   Code   RO            9    i.SystemClock_UART1_init  tcp_server.o
    0x00001be4   0x00000034   Code   RO          192    i.SystemInit        ch57x_clk.o
    0x00001c18   0x00000018   Code   RO           10    i.TMR0_IRQHandler   tcp_server.o
    0x00001c30   0x0000002c   Code   RO           11    i.Timer0Init        tcp_server.o
    0x00001c5c   0x00000028   Code   RO          413    i.UART1_BaudRateCfg  ch57x_uart1.o
    0x00001c84   0x00000024   Code   RO          415    i.UART1_DefInit     ch57x_uart1.o
    0x00001ca8   0x00000020   Code   RO         1515    i.__0printf$8       mc_p.l(printf8.o)
    0x00001cc8   0x0000001a   Code   RO          296    i.__ARM_common_switch8  ch57x_clk.o
    0x00001ce2   0x0000000e   Code   RO         1615    i.__scatterload_copy  mc_p.l(handlers.o)
    0x00001cf0   0x00000002   Code   RO         1616    i.__scatterload_null  mc_p.l(handlers.o)
    0x00001cf2   0x0000000e   Code   RO         1617    i.__scatterload_zeroinit  mc_p.l(handlers.o)
    0x00001d00   0x00000428   Code   RO         1522    i._printf_core      mc_p.l(printf8.o)
    0x00002128   0x00000020   Code   RO         1523    i._printf_post_padding  mc_p.l(printf8.o)
    0x00002148   0x0000002c   Code   RO         1524    i._printf_pre_padding  mc_p.l(printf8.o)
    0x00002174   0x00000026   Code   RO         1193    i.dhcp_arp_reply    CH57xNET.LIB(ch57xnet_dhcp.o)
    0x0000219a   0x00000002   PAD
    0x0000219c   0x00000134   Code   RO         1197    i.dhcp_create_request  CH57xNET.LIB(ch57xnet_dhcp.o)
    0x000022d0   0x000000bc   Code   RO         1198    i.dhcp_decline      CH57xNET.LIB(ch57xnet_dhcp.o)
    0x0000238c   0x0000001e   Code   RO         1199    i.dhcp_delete_request  CH57xNET.LIB(ch57xnet_dhcp.o)
    0x000023aa   0x00000020   Code   RO         1208    i.dhcp_option       CH57xNET.LIB(ch57xnet_dhcp.o)
    0x000023ca   0x00000010   Code   RO         1209    i.dhcp_option_byte  CH57xNET.LIB(ch57xnet_dhcp.o)
    0x000023da   0x00000042   Code   RO         1210    i.dhcp_option_long  CH57xNET.LIB(ch57xnet_dhcp.o)
    0x0000241c   0x00000074   Code   RO         1211    i.dhcp_option_mac   CH57xNET.LIB(ch57xnet_dhcp.o)
    0x00002490   0x00000030   Code   RO         1213    i.dhcp_option_trailer  CH57xNET.LIB(ch57xnet_dhcp.o)
    0x000024c0   0x0000000e   Code   RO         1220    i.dhcp_set_state    CH57xNET.LIB(ch57xnet_dhcp.o)
    0x000024ce   0x00000002   PAD
    0x000024d0   0x0000013c   Code   RO         1044    i.etharp_arp_input  CH57xNET.LIB(etharp.o)
    0x0000260c   0x0000002c   Code   RO         1046    i.etharp_ip_input   CH57xNET.LIB(etharp.o)
    0x00002638   0x000000cc   Code   RO         1047    i.etharp_output     CH57xNET.LIB(etharp.o)
    0x00002704   0x000000b0   Code   RO         1048    i.etharp_query      CH57xNET.LIB(etharp.o)
    0x000027b4   0x000000b8   Code   RO         1049    i.etharp_raw        CH57xNET.LIB(etharp.o)
    0x0000286c   0x00000024   Code   RO         1050    i.etharp_request    CH57xNET.LIB(etharp.o)
    0x00002890   0x00000034   Code   RO         1051    i.etharp_send_ip    CH57xNET.LIB(etharp.o)
    0x000028c4   0x00000048   Code   RO         1052    i.etharp_tmr        CH57xNET.LIB(etharp.o)
    0x0000290c   0x00000064   Code   RO         1053    i.ethernet_input    CH57xNET.LIB(etharp.o)
    0x00002970   0x00000044   Code   RO         1078    i.ethernetif_init   CH57xNET.LIB(ethernetif.o)
    0x000029b4   0x00000070   Code   RO         1079    i.ethernetif_input  CH57xNET.LIB(ethernetif.o)
    0x00002a24   0x00000110   Code   RO         1054    i.find_entry        CH57xNET.LIB(etharp.o)
    0x00002b34   0x00000010   Code   RO          477    i.fputc             ch57x_sys.o
    0x00002b44   0x00000004   Code   RO         1024    i.htonl             CH57xNET.LIB(inet.o)
    0x00002b48   0x00000004   Code   RO         1025    i.htons             CH57xNET.LIB(inet.o)
    0x00002b4c   0x0000000c   Code   RO         1167    i.icmp_dest_unreach  CH57xNET.LIB(icmp.o)
    0x00002b58   0x000001f4   Code   RO         1168    i.icmp_input        CH57xNET.LIB(icmp.o)
    0x00002d4c   0x0000006a   Code   RO         1169    i.icmp_send_response  CH57xNET.LIB(icmp.o)
    0x00002db6   0x0000000c   Code   RO         1182    i.inet_chksum       CH57xNET.LIB(inet_chksum.o)
    0x00002dc2   0x0000003e   Code   RO         1183    i.inet_chksum_pbuf  CH57xNET.LIB(inet_chksum.o)
    0x00002e00   0x00000078   Code   RO         1184    i.inet_chksum_pseudo  CH57xNET.LIB(inet_chksum.o)
    0x00002e78   0x0000003a   Code   RO         1039    i.ip_addr_isbroadcast  CH57xNET.LIB(ip_addr.o)
    0x00002eb2   0x0000015a   Code   RO         1287    i.ip_frag           CH57xNET.LIB(ip_frag.o)
    0x0000300c   0x0000024c   Code   RO         1173    i.ip_input          CH57xNET.LIB(ip.o)
    0x00003258   0x00000032   Code   RO         1174    i.ip_output         CH57xNET.LIB(ip.o)
    0x0000328a   0x00000002   PAD
    0x0000328c   0x0000010c   Code   RO         1175    i.ip_output_if      CH57xNET.LIB(ip.o)
    0x00003398   0x00000054   Code   RO         1176    i.ip_route          CH57xNET.LIB(ip.o)
    0x000033ec   0x000000bc   Code   RO         1080    i.low_level_init    CH57xNET.LIB(ethernetif.o)
    0x000034a8   0x000000d8   Code   RO         1081    i.low_level_input   CH57xNET.LIB(ethernetif.o)
    0x00003580   0x000000a4   Code   RO         1082    i.low_level_output  CH57xNET.LIB(ethernetif.o)
    0x00003624   0x0000001c   Code   RO         1128    i.lwip_init         CH57xNET.LIB(init.o)
    0x00003640   0x0000003c   Code   RO         1185    i.lwip_standard_chksum  CH57xNET.LIB(inet_chksum.o)
    0x0000367c   0x0000001c   Code   RO          478    i.mDelaymS          ch57x_sys.o
    0x00003698   0x0000001e   Code   RO          479    i.mDelayuS          ch57x_sys.o
    0x000036b6   0x00000002   PAD
    0x000036b8   0x00000028   Code   RO           12    i.mStopIfError      tcp_server.o
    0x000036e0   0x000000a0   Code   RO           13    i.main              tcp_server.o
    0x00003780   0x0000002c   Code   RO         1131    i.mem_free          CH57xNET.LIB(mem.o)
    0x000037ac   0x00000050   Code   RO         1132    i.mem_init          CH57xNET.LIB(mem.o)
    0x000037fc   0x000000b4   Code   RO         1133    i.mem_malloc        CH57xNET.LIB(mem.o)
    0x000038b0   0x000000d8   Code   RO         1134    i.mem_realloc       CH57xNET.LIB(mem.o)
    0x00003988   0x00000014   Code   RO         1143    i.memp_free         CH57xNET.LIB(memp.o)
    0x0000399c   0x00000050   Code   RO         1144    i.memp_init         CH57xNET.LIB(memp.o)
    0x000039ec   0x0000001c   Code   RO         1145    i.memp_malloc       CH57xNET.LIB(memp.o)
    0x00003a08   0x0000001c   Code   RO           14    i.net_initkeeplive  tcp_server.o
    0x00003a24   0x00000048   Code   RO          863    i.netif_add         CH57xNET.LIB(netif.o)
    0x00003a6c   0x0000000a   Code   RO          865    i.netif_is_up       CH57xNET.LIB(netif.o)
    0x00003a76   0x0000001e   Code   RO          867    i.netif_set_addr    CH57xNET.LIB(netif.o)
    0x00003a94   0x0000000c   Code   RO          868    i.netif_set_default  CH57xNET.LIB(netif.o)
    0x00003aa0   0x00000016   Code   RO          870    i.netif_set_gw      CH57xNET.LIB(netif.o)
    0x00003ab6   0x00000002   PAD
    0x00003ab8   0x00000084   Code   RO          871    i.netif_set_ipaddr  CH57xNET.LIB(netif.o)
    0x00003b3c   0x00000016   Code   RO          872    i.netif_set_netmask  CH57xNET.LIB(netif.o)
    0x00003b52   0x00000004   Code   RO         1029    i.ntohl             CH57xNET.LIB(inet.o)
    0x00003b56   0x00000004   Code   RO         1030    i.ntohs             CH57xNET.LIB(inet.o)
    0x00003b5a   0x00000002   PAD
    0x00003b5c   0x00000114   Code   RO          886    i.pbuf_alloc        CH57xNET.LIB(pbuf.o)
    0x00003c70   0x00000028   Code   RO          887    i.pbuf_cat          CH57xNET.LIB(pbuf.o)
    0x00003c98   0x00000010   Code   RO          888    i.pbuf_chain        CH57xNET.LIB(pbuf.o)
    0x00003ca8   0x00000012   Code   RO          889    i.pbuf_clen         CH57xNET.LIB(pbuf.o)
    0x00003cba   0x00000094   Code   RO          891    i.pbuf_copy         CH57xNET.LIB(pbuf.o)
    0x00003d4e   0x00000044   Code   RO          894    i.pbuf_free         CH57xNET.LIB(pbuf.o)
    0x00003d92   0x00000066   Code   RO          895    i.pbuf_header       CH57xNET.LIB(pbuf.o)
    0x00003df8   0x00000052   Code   RO          896    i.pbuf_realloc      CH57xNET.LIB(pbuf.o)
    0x00003e4a   0x0000000c   Code   RO          897    i.pbuf_ref          CH57xNET.LIB(pbuf.o)
    0x00003e56   0x00000002   PAD
    0x00003e58   0x0000001c   Code   RO          775    i.phy_change        CH57xNET.LIB(ch57xsock.o)
    0x00003e74   0x00000054   Code   RO         1135    i.plug_holes        CH57xNET.LIB(mem.o)
    0x00003ec8   0x00000018   Code   RO         1098    i.raw_bind          CH57xNET.LIB(raw.o)
    0x00003ee0   0x00000018   Code   RO         1099    i.raw_connect       CH57xNET.LIB(raw.o)
    0x00003ef8   0x00000074   Code   RO         1100    i.raw_input         CH57xNET.LIB(raw.o)
    0x00003f6c   0x0000002c   Code   RO         1101    i.raw_new           CH57xNET.LIB(raw.o)
    0x00003f98   0x00000006   Code   RO         1102    i.raw_recv          CH57xNET.LIB(raw.o)
    0x00003f9e   0x0000000a   Code   RO         1104    i.raw_send          CH57xNET.LIB(raw.o)
    0x00003fa8   0x00000092   Code   RO         1105    i.raw_sendto        CH57xNET.LIB(raw.o)
    0x0000403a   0x00000002   PAD
    0x0000403c   0x000000a8   Code   RO          913    i.tcp_abandon       CH57xNET.LIB(tcp.o)
    0x000040e4   0x00000004   Code   RO          914    i.tcp_accept        CH57xNET.LIB(tcp.o)
    0x000040e8   0x00000006   Code   RO          915    i.tcp_accept_null   CH57xNET.LIB(tcp.o)
    0x000040ee   0x00000002   PAD
    0x000040f0   0x00000114   Code   RO          916    i.tcp_alloc         CH57xNET.LIB(tcp.o)
    0x00004204   0x00000004   Code   RO          917    i.tcp_arg           CH57xNET.LIB(tcp.o)
    0x00004208   0x000000fc   Code   RO          918    i.tcp_bind          CH57xNET.LIB(tcp.o)
    0x00004304   0x000000b4   Code   RO          919    i.tcp_close         CH57xNET.LIB(tcp.o)
    0x000043b8   0x00000024   Code   RO          922    i.tcp_eff_send_mss  CH57xNET.LIB(tcp.o)
    0x000043dc   0x000003d8   Code   RO          977    i.tcp_enqueue       CH57xNET.LIB(tcp_out.o)
    0x000047b4   0x00000006   Code   RO          923    i.tcp_err           CH57xNET.LIB(tcp.o)
    0x000047ba   0x00000002   PAD
    0x000047bc   0x00000068   Code   RO          924    i.tcp_fasttmr       CH57xNET.LIB(tcp.o)
    0x00004824   0x000003d0   Code   RO         1151    i.tcp_input         CH57xNET.LIB(tcp_in.o)
    0x00004bf4   0x0000005a   Code   RO          978    i.tcp_keepalive     CH57xNET.LIB(tcp_out.o)
    0x00004c4e   0x00000002   PAD
    0x00004c50   0x000000fc   Code   RO         1152    i.tcp_listen_input  CH57xNET.LIB(tcp_in.o)
    0x00004d4c   0x00000084   Code   RO          925    i.tcp_listen_with_backlog  CH57xNET.LIB(tcp.o)
    0x00004dd0   0x0000000a   Code   RO          926    i.tcp_new           CH57xNET.LIB(tcp.o)
    0x00004dda   0x00000002   PAD
    0x00004ddc   0x0000005c   Code   RO          927    i.tcp_new_port      CH57xNET.LIB(tcp.o)
    0x00004e38   0x00000010   Code   RO          928    i.tcp_next_iss      CH57xNET.LIB(tcp.o)
    0x00004e48   0x000000b4   Code   RO         1153    i.tcp_oos_insert_segment  CH57xNET.LIB(tcp_in.o)
    0x00004efc   0x00000200   Code   RO          979    i.tcp_output        CH57xNET.LIB(tcp_out.o)
    0x000050fc   0x000000e8   Code   RO          980    i.tcp_output_segment  CH57xNET.LIB(tcp_out.o)
    0x000051e4   0x000000b0   Code   RO          981    i.tcp_output_set_header  CH57xNET.LIB(tcp_out.o)
    0x00005294   0x0000008c   Code   RO         1154    i.tcp_parseopt      CH57xNET.LIB(tcp_in.o)
    0x00005320   0x00000044   Code   RO          929    i.tcp_pcb_purge     CH57xNET.LIB(tcp.o)
    0x00005364   0x0000005c   Code   RO          930    i.tcp_pcb_remove    CH57xNET.LIB(tcp.o)
    0x000053c0   0x0000000a   Code   RO          931    i.tcp_poll          CH57xNET.LIB(tcp.o)
    0x000053ca   0x00000002   PAD
    0x000053cc   0x0000033c   Code   RO         1155    i.tcp_process       CH57xNET.LIB(tcp_in.o)
    0x00005708   0x00000734   Code   RO         1156    i.tcp_receive       CH57xNET.LIB(tcp_in.o)
    0x00005e3c   0x00000006   Code   RO          932    i.tcp_recv          CH57xNET.LIB(tcp.o)
    0x00005e42   0x00000024   Code   RO          933    i.tcp_recv_null     CH57xNET.LIB(tcp.o)
    0x00005e66   0x00000002   PAD
    0x00005e68   0x0000003c   Code   RO          934    i.tcp_recved        CH57xNET.LIB(tcp.o)
    0x00005ea4   0x0000000a   Code   RO          776    i.tcp_recved_CH57x  CH57xNET.LIB(ch57xsock.o)
    0x00005eae   0x00000026   Code   RO          777    i.tcp_recved_socket  CH57xNET.LIB(ch57xsock.o)
    0x00005ed4   0x00000050   Code   RO          982    i.tcp_rexmit        CH57xNET.LIB(tcp_out.o)
    0x00005f24   0x0000004e   Code   RO          983    i.tcp_rexmit_fast   CH57xNET.LIB(tcp_out.o)
    0x00005f72   0x00000030   Code   RO          984    i.tcp_rexmit_rto    CH57xNET.LIB(tcp_out.o)
    0x00005fa2   0x00000002   PAD
    0x00005fa4   0x000000e0   Code   RO          985    i.tcp_rst           CH57xNET.LIB(tcp_out.o)
    0x00006084   0x00000024   Code   RO          935    i.tcp_seg_copy      CH57xNET.LIB(tcp.o)
    0x000060a8   0x00000022   Code   RO          936    i.tcp_seg_free      CH57xNET.LIB(tcp.o)
    0x000060ca   0x0000001a   Code   RO          937    i.tcp_segs_free     CH57xNET.LIB(tcp.o)
    0x000060e4   0x00000016   Code   RO          986    i.tcp_send_ctrl     CH57xNET.LIB(tcp_out.o)
    0x000060fa   0x0000006e   Code   RO          987    i.tcp_send_empty_ack  CH57xNET.LIB(tcp_out.o)
    0x00006168   0x00000006   Code   RO          938    i.tcp_sent          CH57xNET.LIB(tcp.o)
    0x0000616e   0x00000002   PAD
    0x00006170   0x00000270   Code   RO          940    i.tcp_slowtmr       CH57xNET.LIB(tcp.o)
    0x000063e0   0x00000078   Code   RO         1157    i.tcp_timewait_input  CH57xNET.LIB(tcp_in.o)
    0x00006458   0x0000001c   Code   RO          941    i.tcp_tmr           CH57xNET.LIB(tcp.o)
    0x00006474   0x0000003c   Code   RO          942    i.tcp_update_rcv_ann_wnd  CH57xNET.LIB(tcp.o)
    0x000064b0   0x00000030   Code   RO          988    i.tcp_write         CH57xNET.LIB(tcp_out.o)
    0x000064e0   0x000000c0   Code   RO          989    i.tcp_zero_window_probe  CH57xNET.LIB(tcp_out.o)
    0x000065a0   0x0000009c   Code   RO         1003    i.udp_bind          CH57xNET.LIB(udp.o)
    0x0000663c   0x00000088   Code   RO         1004    i.udp_connect       CH57xNET.LIB(udp.o)
    0x000066c4   0x00000224   Code   RO         1006    i.udp_input         CH57xNET.LIB(udp.o)
    0x000068e8   0x0000001a   Code   RO         1007    i.udp_new           CH57xNET.LIB(udp.o)
    0x00006902   0x00000006   Code   RO         1008    i.udp_recv          CH57xNET.LIB(udp.o)
    0x00006908   0x0000000c   Code   RO         1010    i.udp_send          CH57xNET.LIB(udp.o)
    0x00006914   0x0000002a   Code   RO         1011    i.udp_sendto        CH57xNET.LIB(udp.o)
    0x0000693e   0x000000ea   Code   RO         1012    i.udp_sendto_if     CH57xNET.LIB(udp.o)
    0x00006a28   0x00000090   Code   RO         1055    i.update_arp_entry  CH57xNET.LIB(etharp.o)
    0x00006ab8   0x00000010   Data   RO          779    .constdata          CH57xNET.LIB(ch57xsock.o)
    0x00006ac8   0x0000001b   Data   RO          943    .constdata          CH57xNET.LIB(tcp.o)
    0x00006ae3   0x00000004   Data   RO         1040    .constdata          CH57xNET.LIB(ip_addr.o)
    0x00006ae7   0x00000004   Data   RO         1041    .constdata          CH57xNET.LIB(ip_addr.o)
    0x00006aeb   0x0000000c   Data   RO         1056    .constdata          CH57xNET.LIB(etharp.o)
    0x00006af7   0x00000001   PAD
    0x00006af8   0x00000075   Data   RO          944    .conststring        CH57xNET.LIB(tcp.o)
    0x00006b6d   0x00000003   PAD
    0x00006b70   0x00000030   Data   RO         1613    Region$$Table       anon$$obj.o


    Execution Region RW_IRAM1 (Base: 0x20000000, Size: 0x00004820, Max: 0x00008000, ABSOLUTE, COMPRESSED[0x00000070])

    Base Addr    Size         Type   Attr      Idx    E Section Name        Object

    0x20000000   0x00000068   Code   RO          553    i.NMI_Handler       ch57x_int.o
    0x20000068   0x00000010   Data   RW           22    .data               tcp_server.o
    0x20000078   0x00000010   Data   RW           23    .data               tcp_server.o
    0x20000088   0x00000013   Data   RW           24    .data               tcp_server.o
    0x2000009b   0x00000001   PAD
    0x2000009c   0x00000002   Data   RW           25    .data               tcp_server.o
    0x2000009e   0x00000002   Data   RW           26    .data               tcp_server.o
    0x200000a0   0x00000010   Data   RW          780    .data               CH57xNET.LIB(ch57xsock.o)
    0x200000b0   0x00000004   Data   RW          851    .data               CH57xNET.LIB(eth.o)
    0x200000b4   0x0000000c   Data   RW          874    .data               CH57xNET.LIB(netif.o)
    0x200000c0   0x0000004c   Data   RW          945    .data               CH57xNET.LIB(tcp.o)
    0x2000010c   0x00000004   Data   RW         1013    .data               CH57xNET.LIB(udp.o)
    0x20000110   0x00000008   Data   RW         1057    .data               CH57xNET.LIB(etharp.o)
    0x20000118   0x00000040   Data   RW         1084    .data               CH57xNET.LIB(ethernetif.o)
    0x20000158   0x00000004   Data   RW         1106    .data               CH57xNET.LIB(raw.o)
    0x2000015c   0x00000010   Data   RW         1136    .data               CH57xNET.LIB(mem.o)
    0x2000016c   0x0000000c   Data   RW         1147    .data               CH57xNET.LIB(memp.o)
    0x20000178   0x0000001c   Data   RW         1159    .data               CH57xNET.LIB(tcp_in.o)
    0x20000194   0x0000000c   Data   RW         1177    .data               CH57xNET.LIB(ip.o)
    0x200001a0   0x00000008   Data   RW         1225    .data               CH57xNET.LIB(ch57xnet_dhcp.o)
    0x200001a8   0x00000004   Data   RW         1587    .data               mc_p.l(stdout.o)
    0x200001ac   0x00000004   PAD
    0x200001b0   0x00000040   Zero   RW           15    .bss                tcp_server.o
    0x200001f0   0x00000960   Zero   RW           16    .bss                tcp_server.o
    0x20000b50   0x000000f0   Zero   RW           17    .bss                tcp_server.o
    0x20000c40   0x0000141b   Zero   RW           18    .bss                tcp_server.o
    0x2000205b   0x00000001   PAD
    0x2000205c   0x0000120c   Zero   RW           19    .bss                tcp_server.o
    0x20003268   0x000000a0   Zero   RW           20    .bss                tcp_server.o
    0x20003308   0x00000a78   Zero   RW           21    .bss                tcp_server.o
    0x20003d80   0x00000064   Zero   RW          778    .bss                CH57xNET.LIB(ch57xsock.o)
    0x20003de4   0x0000000c   PAD
    0x20003df0   0x0000077c   Zero   RW         1083    .bss                CH57xNET.LIB(ethernetif.o)
    0x2000456c   0x0000000a   Zero   RW         1123    .bss                CH57xNET.LIB(ipcheck.o)
    0x20004576   0x00000002   PAD
    0x20004578   0x00000020   Zero   RW         1146    .bss                CH57xNET.LIB(memp.o)
    0x20004598   0x00000014   Zero   RW         1158    .bss                CH57xNET.LIB(tcp_in.o)
    0x200045ac   0x00000274   Zero   RW         1273    .bss                CH57xNET.LIB(ch57xnet_nds.o)


==============================================================================

Image component sizes


      Code (inc. data)   RO Data    RW Data    ZI Data      Debug   Object Name

       326         46          0          0          0       1857   ch57x_clk.o
        28          6          0          0          0        552   ch57x_flash.o
        80         14          0          0          0        588   ch57x_gpio.o
       104          6          0          0          0        574   ch57x_int.o
       156          8          0          0          0       1196   ch57x_pwr.o
        74          4          0          0          0       1890   ch57x_sys.o
        76         12          0          0          0       1344   ch57x_uart1.o
        28         10        144          0          0        568   startup_armcm0.o
       944        312          0         55      15311      70104   tcp_server.o

    ----------------------------------------------------------------------
      1818        418        192         56      15312      78673   Object Totals
         0          0         48          0          0          0   (incl. Generated)
         2          0          0          1          1          0   (incl. Padding)

    ----------------------------------------------------------------------

      Code (inc. data)   RO Data    RW Data    ZI Data      Debug   Library Member Name

       856         14          0          8          0        676   ch57xnet_dhcp.o
         0          0          0          0        628          0   ch57xnet_nds.o
      3798        318         16         16        100       2900   ch57xsock.o
       644         80          0          4          0        352   eth.o
      1600         68         12          8          0        856   etharp.o
      1368        234          0         64       1916        672   ethernetif.o
        36         14          0          0          0         68   hal.o
       618          6          0          0          0        228   icmp.o
        16          0          0          0          0        240   inet.o
       254          0          0          0          0        292   inet_chksum.o
        28          6          0          0          0         68   init.o
       990         32          0         12          0        324   ip.o
        58          0          8          0          0         68   ip_addr.o
       346          0          0          0          0         84   ip_frag.o
       208         32          0          0         10        284   ipcheck.o
       604         44          0         16          0        364   mem.o
       128         18          0         12         32        196   memp.o
       300         18          0         12          0        480   netif.o
       762          6          0          0          0        620   pbuf.o
       370         12          0          4          0        500   raw.o
      2428        104        144         76          0       1952   tcp.o
      4340        114          0         28         20        544   tcp_in.o
      2796         48          0          0          0        968   tcp_out.o
      1160         24          0          4          0        596   udp.o
        86          0          0          0          0          0   __dczerorl2.o
         0          0          0          0          0          0   entry.o
         0          0          0          0          0          0   entry10a.o
         0          0          0          0          0          0   entry11a.o
         8          4          0          0          0          0   entry2.o
         4          0          0          0          0          0   entry5.o
         0          0          0          0          0          0   entry7b.o
         0          0          0          0          0          0   entry8b.o
         8          4          0          0          0          0   entry9a.o
        30          0          0          0          0          0   handlers.o
        40          0          0          0          0         72   idiv.o
        36          8          0          0          0         68   init.o
        32          0          0          0          0         68   llshl.o
        34          0          0          0          0         68   llushr.o
        36          0          0          0          0         60   memcpya.o
        36          0          0          0          0        100   memseta.o
      1172         52          0          0          0        324   printf8.o
         0          0          0          4          0          0   stdout.o
        18          0          0          0          0         60   strcpy.o
        44          0          0          0          0         72   uidiv.o
        96          0          0          0          0         84   uldiv.o
        20          0          0          0          0         60   uread4.o
        18          0          0          0          0         60   uwrite4.o

    ----------------------------------------------------------------------
     25462       1260        184        268       2724      14428   Library Totals
        36          0          4          0         18          0   (incl. Padding)

    ----------------------------------------------------------------------

      Code (inc. data)   RO Data    RW Data    ZI Data      Debug   Library Name

     23708       1192        180        264       2706      13332   CH57xNET.LIB
      1718         68          0          4          0       1096   mc_p.l

    ----------------------------------------------------------------------
     25462       1260        184        268       2724      14428   Library Totals

    ----------------------------------------------------------------------

==============================================================================


      Code (inc. data)   RO Data    RW Data    ZI Data      Debug   

     27280       1678        376        324      18036      83601   Grand Totals
     27280       1678        376        112      18036      83601   ELF Image Totals (compressed)
     27280       1678        376        112          0          0   ROM Totals

==============================================================================

    Total RO  Size (Code + RO Data)                27656 (  27.01kB)
    Total RW  Size (RW Data + ZI Data)             18360 (  17.93kB)
    Total ROM Size (Code + RO Data + RW Data)      27768 (  27.12kB)

==============================================================================

