<html>
<body>
<pre>
<h1>µVision Build Log</h1>
<h2>Tool Versions:</h2>
IDE-Version: ¦ÌVision V5.18.0.0
Copyright (C) 2016 ARM Ltd and ARM Germany GmbH. All rights reserved.
License Information: c s, t, LIC=D0D7S-LAC5A-GKFBG-VCE7B-MH3EL-T08C6
 
Tool Versions:
Toolchain:       MDK-ARM Standard  Version: 5.18
Toolchain Path:  C:\Keil_v5\ARM\ARMCC\Bin
C Compiler:      Armcc.exe V5.06 update 1 (build 61)
Assembler:       Armasm.exe V5.06 update 1 (build 61)
Linker/Locator:  ArmLink.exe V5.06 update 1 (build 61)
Library Manager: ArmAr.exe V5.06 update 1 (build 61)
Hex Converter:   FromElf.exe V5.06 update 1 (build 61)
CPU DLL:         SARMCM3.DLL V5.18
Dialog DLL:      DARMCM1.DLL V1.12.0.0
Target DLL:      UL2CM3.DLL V1.157.5.0
Dialog DLL:      TARMCM1.DLL V1.9.0.0
 
<h2>Project:</h2>
F:\phD\recode\CH579M_core\EXAM\NET\TCP_Server\TCP_Server.uvprojx
Project File Date:  03/08/2021

<h2>Output:</h2>
*** Using Compiler 'V5.06 update 1 (build 61)', folder: 'C:\Keil_v5\ARM\ARMCC\Bin'
Rebuild target 'CH57x'
assembling startup_ARMCM0.s...
compiling CH57x_gpio.c...
compiling CH57x_flash.c...
compiling CH57x_uart1.c...
compiling TCP_Server.c...
compiling CH57x_pwr.c...
compiling CH57x_sys.c...
compiling CH57x_adc.c...
compiling CH57x_int.c...
compiling CH57x_clk.c...
linking...
Program Size: Code=27280 RO-data=376 RW-data=324 ZI-data=18036  
FromELF: creating hex file...
".\obj\TCP_server.axf" - 0 Error(s), 0 Warning(s).

<h2>Collection of Component include folders:</h2>
  F:\phD\recode\CH579M_core\EXAM\NET\TCP_Server\RTE
  C:\Keil_v5\ARM\PACK\Keil\WCH57x_DFP\1.1.0\Drivers\CMSIS\Device\WCH\CH57x\Include

<h2>Collection of Component Files used:</h2>
Build Time Elapsed:  00:00:02
</pre>
</body>
</html>
